Archive member included to satisfy reference by file (symbol)

c:/progra~2/gnuarm~1/102021~1.10/bin/../lib/gcc/arm-none-eabi/10.3.1/thumb/v6-m/nofp\libgcc.a(_dvmd_tls.o)
                              CMakeFiles/usb_test.dir/C_/Projects/Ethernet/WIZnet-PICO-C/libraries/pico-sdk/src/rp2_common/pico_divider/divider_hardware.S.obj (__aeabi_idiv0)
c:/progra~2/gnuarm~1/102021~1.10/bin/../lib/gcc/arm-none-eabi/10.3.1/../../../../arm-none-eabi/lib/thumb/v6-m/nofp\libg.a(lib_a-calloc.o)
                              CMakeFiles/usb_test.dir/C_/Projects/Ethernet/WIZnet-PICO-C/libraries/pico-sdk/src/rp2_common/pico_malloc/malloc.c.obj (calloc)
c:/progra~2/gnuarm~1/102021~1.10/bin/../lib/gcc/arm-none-eabi/10.3.1/../../../../arm-none-eabi/lib/thumb/v6-m/nofp\libg.a(lib_a-callocr.o)
                              c:/progra~2/gnuarm~1/102021~1.10/bin/../lib/gcc/arm-none-eabi/10.3.1/../../../../arm-none-eabi/lib/thumb/v6-m/nofp\libg.a(lib_a-calloc.o) (_calloc_r)
c:/progra~2/gnuarm~1/102021~1.10/bin/../lib/gcc/arm-none-eabi/10.3.1/../../../../arm-none-eabi/lib/thumb/v6-m/nofp\libg.a(lib_a-errno.o)
                              c:/progra~2/gnuarm~1/102021~1.10/bin/../lib/gcc/arm-none-eabi/10.3.1/../../../../arm-none-eabi/lib/thumb/v6-m/nofp\libg.a(lib_a-callocr.o) (__errno)
c:/progra~2/gnuarm~1/102021~1.10/bin/../lib/gcc/arm-none-eabi/10.3.1/../../../../arm-none-eabi/lib/thumb/v6-m/nofp\libg.a(lib_a-impure.o)
                              c:/progra~2/gnuarm~1/102021~1.10/bin/../lib/gcc/arm-none-eabi/10.3.1/../../../../arm-none-eabi/lib/thumb/v6-m/nofp\libg.a(lib_a-calloc.o) (_impure_ptr)
c:/progra~2/gnuarm~1/102021~1.10/bin/../lib/gcc/arm-none-eabi/10.3.1/../../../../arm-none-eabi/lib/thumb/v6-m/nofp\libg.a(lib_a-init.o)
                              c:/progra~2/gnuarm~1/102021~1.10/bin/../lib/gcc/arm-none-eabi/10.3.1/../../../../arm-none-eabi/lib/thumb/v6-m/nofp/crt0.o (__libc_init_array)
c:/progra~2/gnuarm~1/102021~1.10/bin/../lib/gcc/arm-none-eabi/10.3.1/../../../../arm-none-eabi/lib/thumb/v6-m/nofp\libg.a(lib_a-lcltime_r.o)
                              CMakeFiles/usb_test.dir/C_/Projects/Ethernet/WIZnet-PICO-C/libraries/pico-sdk/src/common/pico_util/datetime.c.obj (localtime_r)
c:/progra~2/gnuarm~1/102021~1.10/bin/../lib/gcc/arm-none-eabi/10.3.1/../../../../arm-none-eabi/lib/thumb/v6-m/nofp\libg.a(lib_a-malloc.o)
                              CMakeFiles/usb_test.dir/C_/Projects/Ethernet/WIZnet-PICO-C/libraries/pico-sdk/src/rp2_common/pico_malloc/malloc.c.obj (malloc)
c:/progra~2/gnuarm~1/102021~1.10/bin/../lib/gcc/arm-none-eabi/10.3.1/../../../../arm-none-eabi/lib/thumb/v6-m/nofp\libg.a(lib_a-mallocr.o)
                              c:/progra~2/gnuarm~1/102021~1.10/bin/../lib/gcc/arm-none-eabi/10.3.1/../../../../arm-none-eabi/lib/thumb/v6-m/nofp\libg.a(lib_a-callocr.o) (_malloc_r)
c:/progra~2/gnuarm~1/102021~1.10/bin/../lib/gcc/arm-none-eabi/10.3.1/../../../../arm-none-eabi/lib/thumb/v6-m/nofp\libg.a(lib_a-memcmp.o)
                              CMakeFiles/usb_test.dir/C_/Projects/Ethernet/WIZnet-PICO-C/libraries/pico-sdk/src/rp2_common/pico_atomic/atomic.c.obj (memcmp)
c:/progra~2/gnuarm~1/102021~1.10/bin/../lib/gcc/arm-none-eabi/10.3.1/../../../../arm-none-eabi/lib/thumb/v6-m/nofp\libg.a(lib_a-mktime.o)
                              CMakeFiles/usb_test.dir/C_/Projects/Ethernet/WIZnet-PICO-C/libraries/pico-sdk/src/common/pico_util/datetime.c.obj (mktime)
c:/progra~2/gnuarm~1/102021~1.10/bin/../lib/gcc/arm-none-eabi/10.3.1/../../../../arm-none-eabi/lib/thumb/v6-m/nofp\libg.a(lib_a-mlock.o)
                              c:/progra~2/gnuarm~1/102021~1.10/bin/../lib/gcc/arm-none-eabi/10.3.1/../../../../arm-none-eabi/lib/thumb/v6-m/nofp\libg.a(lib_a-mallocr.o) (__malloc_lock)
c:/progra~2/gnuarm~1/102021~1.10/bin/../lib/gcc/arm-none-eabi/10.3.1/../../../../arm-none-eabi/lib/thumb/v6-m/nofp\libg.a(lib_a-month_lengths.o)
                              c:/progra~2/gnuarm~1/102021~1.10/bin/../lib/gcc/arm-none-eabi/10.3.1/../../../../arm-none-eabi/lib/thumb/v6-m/nofp\libg.a(lib_a-lcltime_r.o) (__month_lengths)
c:/progra~2/gnuarm~1/102021~1.10/bin/../lib/gcc/arm-none-eabi/10.3.1/../../../../arm-none-eabi/lib/thumb/v6-m/nofp\libg.a(lib_a-realloc.o)
                              CMakeFiles/usb_test.dir/C_/Projects/Ethernet/WIZnet-PICO-C/libraries/pico-sdk/src/rp2_common/pico_malloc/malloc.c.obj (realloc)
c:/progra~2/gnuarm~1/102021~1.10/bin/../lib/gcc/arm-none-eabi/10.3.1/../../../../arm-none-eabi/lib/thumb/v6-m/nofp\libg.a(lib_a-reallocr.o)
                              c:/progra~2/gnuarm~1/102021~1.10/bin/../lib/gcc/arm-none-eabi/10.3.1/../../../../arm-none-eabi/lib/thumb/v6-m/nofp\libg.a(lib_a-realloc.o) (_realloc_r)
c:/progra~2/gnuarm~1/102021~1.10/bin/../lib/gcc/arm-none-eabi/10.3.1/../../../../arm-none-eabi/lib/thumb/v6-m/nofp\libg.a(lib_a-sbrkr.o)
                              c:/progra~2/gnuarm~1/102021~1.10/bin/../lib/gcc/arm-none-eabi/10.3.1/../../../../arm-none-eabi/lib/thumb/v6-m/nofp\libg.a(lib_a-mallocr.o) (_sbrk_r)
[...]
Memory Configuration

Name             Origin             Length             Attributes
FLASH            0x10000000         0x00200000         xr
RAM              0x20000000         0x00040000         xrw
SCRATCH_X        0x20040000         0x00001000         xrw
SCRATCH_Y        0x20041000         0x00001000         xrw
*default*        0x00000000         0xffffffff

Linker script and memory map

LOAD c:/progra~2/gnuarm~1/102021~1.10/bin/../lib/gcc/arm-none-eabi/10.3.1/thumb/v6-m/nofp/crti.o
LOAD c:/progra~2/gnuarm~1/102021~1.10/bin/../lib/gcc/arm-none-eabi/10.3.1/thumb/v6-m/nofp/crtbegin.o
LOAD c:/progra~2/gnuarm~1/102021~1.10/bin/../lib/gcc/arm-none-eabi/10.3.1/../../../../arm-none-eabi/lib/thumb/v6-m/nofp/crt0.o

.flash_begin    0x10000000        0x0
                0x10000000                __flash_binary_start = .

.boot2          0x10000000      0x100
                0x10000000                __boot2_start__ = .
 *(.boot2)
 .boot2         0x10000000      0x100 pico-sdk/src/rp2040/boot_stage2/CMakeFiles/bs2_default_library.dir/./bs2_default_padded_checksummed.S.obj
                0x10000100                __boot2_end__ = .
                0x00000001                ASSERT (((__boot2_end__ - __boot2_start__) == 0x100), ERROR: Pico second stage bootloader must be 256 bytes in size)

.text           0x10000100     0x450c
                0x10000100                __logical_binary_start = .
 *(.vectors)
 .vectors       0x10000100       0xd4 CMakeFiles/usb_test.dir/C_/Projects/Ethernet/WIZnet-PICO-C/libraries/pico-sdk/src/rp2_common/pico_crt0/crt0.S.obj
                0x10000100                __VECTOR_TABLE
                0x10000100                __vectors
                0x100001c0                isr_irq13
                0x100001c0                isr_irq27
                0x100001c0                isr_irq31
                0x100001c0                isr_irq12
                0x100001c0                isr_irq5
                0x100001c0                isr_irq11
                0x100001c0                isr_irq3
                0x100001c0                isr_irq23
                0x100001c0                __unhandled_user_irq
                0x100001c0                isr_irq26
                0x100001c0                isr_irq28
                0x100001c0                isr_irq19
                0x100001c0                isr_irq0
                0x100001c0                isr_irq6
                0x100001c0                isr_irq29
                0x100001c0                isr_irq16
                0x100001c0                isr_irq22
                0x100001c0                isr_irq18
                0x100001c0                isr_irq17
                0x100001c0                isr_irq14
                0x100001c0                __vectors_end
                0x100001c0                __default_isrs_start
                0x100001c0                isr_irq2
                0x100001c0                isr_irq10
                0x100001c0                isr_irq8
                0x100001c0                isr_irq24
                0x100001c0                isr_irq1
                0x100001c0                isr_irq7
                0x100001c0                isr_irq21
                0x100001c0                isr_irq20
                0x100001c0                isr_irq15
                0x100001c0                isr_irq25
                0x100001c0                isr_irq4
                0x100001c0                isr_irq30
                0x100001c0                isr_irq9
                0x100001c6                unhandled_user_irq_num_in_r0
                0x100001c8                isr_invalid
                0x100001ca                isr_nmi
                0x100001cc                isr_hardfault
                0x100001ce                isr_svcall
                0x100001d0                isr_pendsv
                0x100001d2                isr_systick
                0x100001d4                __default_isrs_end
 *(.binary_info_header)
 .binary_info_header
                0x100001d4       0x14 CMakeFiles/usb_test.dir/C_/Projects/Ethernet/WIZnet-PICO-C/libraries/pico-sdk/src/rp2_common/pico_crt0/crt0.S.obj
                0x100001e8                __binary_info_header_end = .
 *(.embedded_block)
                0x100001e8                __embedded_block_end = .
 *(.reset)
 .reset         0x100001e8       0x9c CMakeFiles/usb_test.dir/C_/Projects/Ethernet/WIZnet-PICO-C/libraries/pico-sdk/src/rp2_common/pico_crt0/crt0.S.obj
                0x100001e8                _entry_point
 *(.init)
 .init          0x10000284        0x4 c:/progra~2/gnuarm~1/102021~1.10/bin/../lib/gcc/arm-none-eabi/10.3.1/thumb/v6-m/nofp/crti.o
                0x10000284                _init
 *(EXCLUDE_FILE(*libm.a: *libc.a:*lib_a-mem*.o *libgcc.a:) .text*)
 .text          0x10000288       0x48 c:/progra~2/gnuarm~1/102021~1.10/bin/../lib/gcc/arm-none-eabi/10.3.1/thumb/v6-m/nofp/crtbegin.o
 .text.startup.main
                0x100002d0       0x30 CMakeFiles/usb_test.dir/main.c.obj
                0x100002d0                main
 .text.rp2040_chip_version
                0x10000300        0xc CMakeFiles/usb_test.dir/C_/Projects/Ethernet/WIZnet-PICO-C/libraries/pico-sdk/src/rp2040/pico_platform/platform.c.obj
                0x10000300                rp2040_chip_version
 .text.panic    0x1000030c       0x30 CMakeFiles/usb_test.dir/C_/Projects/Ethernet/WIZnet-PICO-C/libraries/pico-sdk/src/rp2_common/pico_platform_panic/panic.c.obj
                0x1000030c                panic
 .text.hw_claim_or_assert
                0x1000033c       0x44 CMakeFiles/usb_test.dir/C_/Projects/Ethernet/WIZnet-PICO-C/libraries/pico-sdk/src/common/hardware_claim/claim.c.obj
                0x1000033c                hw_claim_or_assert
 .text.hw_claim_unused_from_range
                0x10000380       0x9c CMakeFiles/usb_test.dir/C_/Projects/Ethernet/WIZnet-PICO-C/libraries/pico-sdk/src/common/hardware_claim/claim.c.obj
                0x10000380                hw_claim_unused_from_range
 .text.next_striped_spin_lock_num
                0x1000041c       0x18 CMakeFiles/usb_test.dir/C_/Projects/Ethernet/WIZnet-PICO-C/libraries/pico-sdk/src/rp2_common/hardware_sync/sync.c.obj
                0x1000041c                next_striped_spin_lock_num
 .text.spin_lock_claim_unused
                0x10000434       0x20 CMakeFiles/usb_test.dir/C_/Projects/Ethernet/WIZnet-PICO-C/libraries/pico-sdk/src/rp2_common/hardware_sync/sync.c.obj
                0x10000434                spin_lock_claim_unused
 .text.spin_locks_reset
                0x10000454       0x1c CMakeFiles/usb_test.dir/C_/Projects/Ethernet/WIZnet-PICO-C/libraries/pico-sdk/src/rp2_common/hardware_sync_spin_lock/sync_spin_lock.c.obj
                0x10000454                spin_locks_reset
 .text.runtime_init_per_core_irq_priorities
                0x10000470       0x24 CMakeFiles/usb_test.dir/C_/Projects/Ethernet/WIZnet-PICO-C/libraries/pico-sdk/src/rp2_common/hardware_irq/irq.c.obj
                0x10000470                runtime_init_per_core_irq_priorities
 .text.irq_set_enabled
                0x10000494       0x24 CMakeFiles/usb_test.dir/C_/Projects/Ethernet/WIZnet-PICO-C/libraries/pico-sdk/src/rp2_common/hardware_irq/irq.c.obj
                0x10000494                irq_set_enabled
 .text.irq_is_enabled
                0x100004b8       0x18 CMakeFiles/usb_test.dir/C_/Projects/Ethernet/WIZnet-PICO-C/libraries/pico-sdk/src/rp2_common/hardware_irq/irq.c.obj
                0x100004b8                irq_is_enabled
 .text.irq_set_pending
                0x100004d0       0x10 CMakeFiles/usb_test.dir/C_/Projects/Ethernet/WIZnet-PICO-C/libraries/pico-sdk/src/rp2_common/hardware_irq/irq.c.obj
                0x100004d0                irq_set_pending
 .text.irq_has_shared_handler
                0x100004e0       0x24 CMakeFiles/usb_test.dir/C_/Projects/Ethernet/WIZnet-PICO-C/libraries/pico-sdk/src/rp2_common/hardware_irq/irq.c.obj
                0x100004e0                irq_has_shared_handler
 .text.irq_set_exclusive_handler
                0x10000504       0x54 CMakeFiles/usb_test.dir/C_/Projects/Ethernet/WIZnet-PICO-C/libraries/pico-sdk/src/rp2_common/hardware_irq/irq.c.obj
                0x10000504                irq_set_exclusive_handler
 .text.irq_add_shared_handler
                0x10000558      0x1e8 CMakeFiles/usb_test.dir/C_/Projects/Ethernet/WIZnet-PICO-C/libraries/pico-sdk/src/rp2_common/hardware_irq/irq.c.obj
                0x10000558                irq_add_shared_handler
 .text.irq_add_tail_to_free_list
                0x10000740       0xb4 CMakeFiles/usb_test.dir/C_/Projects/Ethernet/WIZnet-PICO-C/libraries/pico-sdk/src/rp2_common/hardware_irq/irq.c.obj
                0x10000740                irq_add_tail_to_free_list
 .text.user_irq_claim_unused
                0x100007f4       0x28 CMakeFiles/usb_test.dir/C_/Projects/Ethernet/WIZnet-PICO-C/libraries/pico-sdk/src/rp2_common/hardware_irq/irq.c.obj
                0x100007f4                user_irq_claim_unused
 .text.lock_init
                0x1000081c       0x10 CMakeFiles/usb_test.dir/C_/Projects/Ethernet/WIZnet-PICO-C/libraries/pico-sdk/src/common/pico_sync/lock_core.c.obj
                0x1000081c                lock_init
 .text.runtime_init_mutex
                0x1000082c       0x58 CMakeFiles/usb_test.dir/C_/Projects/Ethernet/WIZnet-PICO-C/libraries/pico-sdk/src/common/pico_sync/mutex.c.obj
                0x1000082c                runtime_init_mutex
 .text.mutex_init
                0x10000884       0x1c CMakeFiles/usb_test.dir/C_/Projects/Ethernet/WIZnet-PICO-C/libraries/pico-sdk/src/common/pico_sync/mutex.c.obj
                0x10000884                mutex_init
 .text.critical_section_init
                0x100008a0       0x20 CMakeFiles/usb_test.dir/C_/Projects/Ethernet/WIZnet-PICO-C/libraries/pico-sdk/src/common/pico_sync/critical_section.c.obj
                0x100008a0                critical_section_init
 .text.critical_section_init_with_lock_num
                0x100008c0       0x14 CMakeFiles/usb_test.dir/C_/Projects/Ethernet/WIZnet-PICO-C/libraries/pico-sdk/src/common/pico_sync/critical_section.c.obj
                0x100008c0                critical_section_init_with_lock_num
 .text.sleep_until_callback
                0x100008d4       0x30 CMakeFiles/usb_test.dir/C_/Projects/Ethernet/WIZnet-PICO-C/libraries/pico-sdk/src/common/pico_time/time.c.obj
 .text.alarm_pool_irq_handler
                0x10000904      0x308 CMakeFiles/usb_test.dir/C_/Projects/Ethernet/WIZnet-PICO-C/libraries/pico-sdk/src/common/pico_time/time.c.obj
 .text.runtime_init_default_alarm_pool
                0x10000c0c       0xdc CMakeFiles/usb_test.dir/C_/Projects/Ethernet/WIZnet-PICO-C/libraries/pico-sdk/src/common/pico_time/time.c.obj
                0x10000c0c                runtime_init_default_alarm_pool
 .text.alarm_pool_get_default
                0x10000ce8        0x8 CMakeFiles/usb_test.dir/C_/Projects/Ethernet/WIZnet-PICO-C/libraries/pico-sdk/src/common/pico_time/time.c.obj
                0x10000ce8                alarm_pool_get_default
 .text.alarm_pool_add_alarm_at
                0x10000cf0       0xc8 CMakeFiles/usb_test.dir/C_/Projects/Ethernet/WIZnet-PICO-C/libraries/pico-sdk/src/common/pico_time/time.c.obj
                0x10000cf0                alarm_pool_add_alarm_at
 .text.alarm_pool_add_alarm_at_force_in_context
                0x10000db8       0xb0 CMakeFiles/usb_test.dir/C_/Projects/Ethernet/WIZnet-PICO-C/libraries/pico-sdk/src/common/pico_time/time.c.obj
                0x10000db8                alarm_pool_add_alarm_at_force_in_context
 .text.alarm_pool_cancel_alarm
                0x10000e68       0x7c CMakeFiles/usb_test.dir/C_/Projects/Ethernet/WIZnet-PICO-C/libraries/pico-sdk/src/common/pico_time/time.c.obj
                0x10000e68                alarm_pool_cancel_alarm
 .text.alarm_pool_core_num
                0x10000ee4        0x4 CMakeFiles/usb_test.dir/C_/Projects/Ethernet/WIZnet-PICO-C/libraries/pico-sdk/src/common/pico_time/time.c.obj
                0x10000ee4                alarm_pool_core_num
 .text.sleep_until
                0x10000ee8       0xd0 CMakeFiles/usb_test.dir/C_/Projects/Ethernet/WIZnet-PICO-C/libraries/pico-sdk/src/common/pico_time/time.c.obj
                0x10000ee8                sleep_until
 .text.sleep_ms
                0x10000fb8       0x34 CMakeFiles/usb_test.dir/C_/Projects/Ethernet/WIZnet-PICO-C/libraries/pico-sdk/src/common/pico_time/time.c.obj
                0x10000fb8                sleep_ms
 .text.best_effort_wfe_or_timeout
                0x10000fec       0xfc CMakeFiles/usb_test.dir/C_/Projects/Ethernet/WIZnet-PICO-C/libraries/pico-sdk/src/common/pico_time/time.c.obj
                0x10000fec                best_effort_wfe_or_timeout
 .text.timer_hardware_alarm_claim
                0x100010e8       0x14 CMakeFiles/usb_test.dir/C_/Projects/Ethernet/WIZnet-PICO-C/libraries/pico-sdk/src/rp2_common/hardware_timer/timer.c.obj
                0x100010e8                timer_hardware_alarm_claim
 .text.timer_time_us_64
                0x100010fc       0x10 CMakeFiles/usb_test.dir/C_/Projects/Ethernet/WIZnet-PICO-C/libraries/pico-sdk/src/rp2_common/hardware_timer/timer.c.obj
                0x100010fc                timer_time_us_64
 .text.time_us_64
                0x1000110c       0x14 CMakeFiles/usb_test.dir/C_/Projects/Ethernet/WIZnet-PICO-C/libraries/pico-sdk/src/rp2_common/hardware_timer/timer.c.obj
                0x1000110c                time_us_64
 .text.busy_wait_until
                0x10001120       0x20 CMakeFiles/usb_test.dir/C_/Projects/Ethernet/WIZnet-PICO-C/libraries/pico-sdk/src/rp2_common/hardware_timer/timer.c.obj
                0x10001120                busy_wait_until
 .text.clock_configure_int_divider
                0x10001140       0xf4 CMakeFiles/usb_test.dir/C_/Projects/Ethernet/WIZnet-PICO-C/libraries/pico-sdk/src/rp2_common/hardware_clocks/clocks.c.obj
                0x10001140                clock_configure_int_divider
 .text.clock_configure_undivided
                0x10001234       0xe8 CMakeFiles/usb_test.dir/C_/Projects/Ethernet/WIZnet-PICO-C/libraries/pico-sdk/src/rp2_common/hardware_clocks/clocks.c.obj
                0x10001234                clock_configure_undivided
 .text.clock_get_hz
                0x1000131c        0xc CMakeFiles/usb_test.dir/C_/Projects/Ethernet/WIZnet-PICO-C/libraries/pico-sdk/src/rp2_common/hardware_clocks/clocks.c.obj
                0x1000131c                clock_get_hz
 .text.pll_init
                0x10001328       0xa0 CMakeFiles/usb_test.dir/C_/Projects/Ethernet/WIZnet-PICO-C/libraries/pico-sdk/src/rp2_common/hardware_pll/pll.c.obj
                0x10001328                pll_init
 .text.watchdog_reboot
                0x100013c8       0x98 CMakeFiles/usb_test.dir/C_/Projects/Ethernet/WIZnet-PICO-C/libraries/pico-sdk/src/rp2_common/hardware_watchdog/watchdog.c.obj
                0x100013c8                watchdog_reboot
 .text.tick_start
                0x10001460       0x10 CMakeFiles/usb_test.dir/C_/Projects/Ethernet/WIZnet-PICO-C/libraries/pico-sdk/src/rp2_common/hardware_ticks/ticks.c.obj
                0x10001460                tick_start
 .text.rom_func_lookup
                0x10001470       0x10 CMakeFiles/usb_test.dir/C_/Projects/Ethernet/WIZnet-PICO-C/libraries/pico-sdk/src/rp2_common/pico_bootrom/bootrom.c.obj
                0x10001470                rom_func_lookup
 .text.rom_data_lookup
                0x10001480       0x10 CMakeFiles/usb_test.dir/C_/Projects/Ethernet/WIZnet-PICO-C/libraries/pico-sdk/src/rp2_common/pico_bootrom/bootrom.c.obj
                0x10001480                rom_data_lookup
 .text.rom_funcs_lookup
                0x10001490       0x44 CMakeFiles/usb_test.dir/C_/Projects/Ethernet/WIZnet-PICO-C/libraries/pico-sdk/src/rp2_common/pico_bootrom/bootrom.c.obj
                0x10001490                rom_funcs_lookup
 .text.rom_reset_usb_boot_extra
                0x100014d4       0x28 CMakeFiles/usb_test.dir/C_/Projects/Ethernet/WIZnet-PICO-C/libraries/pico-sdk/src/rp2_common/pico_bootrom/bootrom.c.obj
                0x100014d4                rom_reset_usb_boot_extra
 .text.xosc_init
                0x100014fc       0x28 CMakeFiles/usb_test.dir/C_/Projects/Ethernet/WIZnet-PICO-C/libraries/pico-sdk/src/rp2_common/hardware_xosc/xosc.c.obj
                0x100014fc                xosc_init
 .text.first_per_core_initializer
                0x10001524        0x4 CMakeFiles/usb_test.dir/C_/Projects/Ethernet/WIZnet-PICO-C/libraries/pico-sdk/src/rp2_common/pico_runtime/runtime.c.obj
 .text.hard_assertion_failure
                0x10001528        0xc CMakeFiles/usb_test.dir/C_/Projects/Ethernet/WIZnet-PICO-C/libraries/pico-sdk/src/rp2_common/pico_runtime/runtime.c.obj
                0x10001528                hard_assertion_failure
 .text.runtime_run_initializers
                0x10001534       0x28 CMakeFiles/usb_test.dir/C_/Projects/Ethernet/WIZnet-PICO-C/libraries/pico-sdk/src/rp2_common/pico_runtime/runtime.c.obj
                0x10001534                runtime_run_initializers
 .text.runtime_init_early_resets
                0x1000155c       0x2c CMakeFiles/usb_test.dir/C_/Projects/Ethernet/WIZnet-PICO-C/libraries/pico-sdk/src/rp2_common/pico_runtime_init/runtime_init.c.obj
                0x1000155c                runtime_init_early_resets
 .text.runtime_init_usb_power_down
                0x10001588       0x1c CMakeFiles/usb_test.dir/C_/Projects/Ethernet/WIZnet-PICO-C/libraries/pico-sdk/src/rp2_common/pico_runtime_init/runtime_init.c.obj
                0x10001588                runtime_init_usb_power_down
 .text.runtime_init_post_clock_resets
                0x100015a4       0x20 CMakeFiles/usb_test.dir/C_/Projects/Ethernet/WIZnet-PICO-C/libraries/pico-sdk/src/rp2_common/pico_runtime_init/runtime_init.c.obj
                0x100015a4                runtime_init_post_clock_resets
 .text.runtime_init_rp2040_gpio_ie_disable
                0x100015c4       0x14 CMakeFiles/usb_test.dir/C_/Projects/Ethernet/WIZnet-PICO-C/libraries/pico-sdk/src/rp2_common/pico_runtime_init/runtime_init.c.obj
                0x100015c4                runtime_init_rp2040_gpio_ie_disable
 .text.runtime_init_spin_locks_reset
                0x100015d8        0x8 CMakeFiles/usb_test.dir/C_/Projects/Ethernet/WIZnet-PICO-C/libraries/pico-sdk/src/rp2_common/pico_runtime_init/runtime_init.c.obj
                0x100015d8                runtime_init_spin_locks_reset
 .text.runtime_init_install_ram_vector_table
                0x100015e0       0xcc CMakeFiles/usb_test.dir/C_/Projects/Ethernet/WIZnet-PICO-C/libraries/pico-sdk/src/rp2_common/pico_runtime_init/runtime_init.c.obj
                0x100015e0                runtime_init_install_ram_vector_table
 .text.runtime_init_clocks
                0x100016ac       0xd8 CMakeFiles/usb_test.dir/C_/Projects/Ethernet/WIZnet-PICO-C/libraries/pico-sdk/src/rp2_common/pico_runtime_init/runtime_init_clocks.c.obj
                0x100016ac                runtime_init_clocks
 .text          0x10001784       0x10 CMakeFiles/usb_test.dir/C_/Projects/Ethernet/WIZnet-PICO-C/libraries/pico-sdk/src/rp2_common/pico_bit_ops/bit_ops_aeabi.S.obj
 .text.__wrap___aeabi_uidiv
                0x10001794       0x4c CMakeFiles/usb_test.dir/C_/Projects/Ethernet/WIZnet-PICO-C/libraries/pico-sdk/src/rp2_common/pico_divider/divider_hardware.S.obj
                0x10001794                __wrap___aeabi_uidiv
                0x10001794                __wrap___aeabi_uidivmod
                0x10001794                div_u32u32
                0x10001794                divmod_u32u32
                0x1000179c                divmod_u32u32_unsafe
                0x100017c4                divmod_u32u32_savestate
 .text.__aeabi_double_init
                0x100017e0       0xa0 CMakeFiles/usb_test.dir/C_/Projects/Ethernet/WIZnet-PICO-C/libraries/pico-sdk/src/rp2_common/pico_double/double_init_rom_rp2040.c.obj
                0x100017e0                __aeabi_double_init
 .text.double_table_shim_on_use_helper
                0x10001880       0x2c CMakeFiles/usb_test.dir/C_/Projects/Ethernet/WIZnet-PICO-C/libraries/pico-sdk/src/rp2_common/pico_double/double_v1_rom_shim_rp2040.S.obj
                0x10001880                double_table_shim_on_use_helper
 .text.__aeabi_lmul
                0x100018ac       0x32 CMakeFiles/usb_test.dir/C_/Projects/Ethernet/WIZnet-PICO-C/libraries/pico-sdk/src/rp2_common/pico_int64_ops/pico_int64_ops_aeabi.S.obj
                0x100018ac                __wrap___aeabi_lmul
 *fill*         0x100018de        0x2 
 .text.__aeabi_float_init
                0x100018e0       0x64 CMakeFiles/usb_test.dir/C_/Projects/Ethernet/WIZnet-PICO-C/libraries/pico-sdk/src/rp2_common/pico_float/float_init_rom_rp2040.c.obj
                0x100018e0                __aeabi_float_init
 .text.float_table_shim_on_use_helper
                0x10001944       0x2c CMakeFiles/usb_test.dir/C_/Projects/Ethernet/WIZnet-PICO-C/libraries/pico-sdk/src/rp2_common/pico_float/float_v1_rom_shim_rp2040.S.obj
                0x10001944                float_table_shim_on_use_helper
 .text          0x10001970       0x10 CMakeFiles/usb_test.dir/C_/Projects/Ethernet/WIZnet-PICO-C/libraries/pico-sdk/src/rp2_common/pico_mem_ops/mem_ops_aeabi.S.obj
                0x10001970                __aeabi_mem_init
 .text.memset   0x10001980        0xc CMakeFiles/usb_test.dir/C_/Projects/Ethernet/WIZnet-PICO-C/libraries/pico-sdk/src/rp2_common/pico_mem_ops/mem_ops_aeabi.S.obj
                0x10001980                __wrap_memset
 .text.memcpy   0x1000198c        0xc CMakeFiles/usb_test.dir/C_/Projects/Ethernet/WIZnet-PICO-C/libraries/pico-sdk/src/rp2_common/pico_mem_ops/mem_ops_aeabi.S.obj
                0x1000198c                __wrap_memcpy
                0x1000198c                __wrap___aeabi_memcpy
 .text._out_char
                0x10001998       0x10 CMakeFiles/usb_test.dir/C_/Projects/Ethernet/WIZnet-PICO-C/libraries/pico-sdk/src/rp2_common/pico_printf/printf.c.obj
 .text.weak_raw_vprintf
                0x100019a8       0x30 CMakeFiles/usb_test.dir/C_/Projects/Ethernet/WIZnet-PICO-C/libraries/pico-sdk/src/rp2_common/pico_printf/printf.c.obj
                0x100019a8                weak_raw_vprintf
 .text._exit    0x100019d8        0x4 CMakeFiles/usb_test.dir/C_/Projects/Ethernet/WIZnet-PICO-C/libraries/pico-sdk/src/rp2_common/pico_clib_interface/newlib_interface.c.obj
                0x100019d8                _exit
 .text.exit     0x100019dc        0x8 CMakeFiles/usb_test.dir/C_/Projects/Ethernet/WIZnet-PICO-C/libraries/pico-sdk/src/rp2_common/pico_clib_interface/newlib_interface.c.obj
                0x100019dc                exit
 .text.runtime_init
                0x100019e4       0x2c CMakeFiles/usb_test.dir/C_/Projects/Ethernet/WIZnet-PICO-C/libraries/pico-sdk/src/rp2_common/pico_clib_interface/newlib_interface.c.obj
                0x100019e4                runtime_init
 .text.stdio_out_chars_no_crlf
                0x10001a10       0x10 CMakeFiles/usb_test.dir/C_/Projects/Ethernet/WIZnet-PICO-C/libraries/pico-sdk/src/rp2_common/pico_stdio/stdio.c.obj
 .text.stdio_out_chars_crlf
                0x10001a20       0xb4 CMakeFiles/usb_test.dir/C_/Projects/Ethernet/WIZnet-PICO-C/libraries/pico-sdk/src/rp2_common/pico_stdio/stdio.c.obj
 .text.stdio_put_string
                0x10001ad4      0x100 CMakeFiles/usb_test.dir/C_/Projects/Ethernet/WIZnet-PICO-C/libraries/pico-sdk/src/rp2_common/pico_stdio/stdio.c.obj
                0x10001ad4                stdio_put_string
 .text.stdio_set_driver_enabled
                0x10001bd4       0x30 CMakeFiles/usb_test.dir/C_/Projects/Ethernet/WIZnet-PICO-C/libraries/pico-sdk/src/rp2_common/pico_stdio/stdio.c.obj
                0x10001bd4                stdio_set_driver_enabled
 .text.stdio_init_all
                0x10001c04        0x8 CMakeFiles/usb_test.dir/C_/Projects/Ethernet/WIZnet-PICO-C/libraries/pico-sdk/src/rp2_common/pico_stdio/stdio.c.obj
                0x10001c04                stdio_init_all
 .text.__wrap_putchar
                0x10001c0c       0x98 CMakeFiles/usb_test.dir/C_/Projects/Ethernet/WIZnet-PICO-C/libraries/pico-sdk/src/rp2_common/pico_stdio/stdio.c.obj
                0x10001c0c                __wrap_putchar
                0x10001c0c                stdio_putchar
 .text.__wrap_puts
                0x10001ca4       0x3c CMakeFiles/usb_test.dir/C_/Projects/Ethernet/WIZnet-PICO-C/libraries/pico-sdk/src/rp2_common/pico_stdio/stdio.c.obj
                0x10001ca4                stdio_puts
                0x10001ca4                __wrap_puts
 .text.resetd_init
                0x10001ce0        0x4 CMakeFiles/usb_test.dir/C_/Projects/Ethernet/WIZnet-PICO-C/libraries/pico-sdk/src/rp2_common/pico_stdio_usb/reset_interface.c.obj
 .text.resetd_reset
                0x10001ce4        0xc CMakeFiles/usb_test.dir/C_/Projects/Ethernet/WIZnet-PICO-C/libraries/pico-sdk/src/rp2_common/pico_stdio_usb/reset_interface.c.obj
 .text.resetd_open
                0x10001cf0       0x28 CMakeFiles/usb_test.dir/C_/Projects/Ethernet/WIZnet-PICO-C/libraries/pico-sdk/src/rp2_common/pico_stdio_usb/reset_interface.c.obj
 .text.resetd_xfer_cb
                0x10001d18        0x4 CMakeFiles/usb_test.dir/C_/Projects/Ethernet/WIZnet-PICO-C/libraries/pico-sdk/src/rp2_common/pico_stdio_usb/reset_interface.c.obj
 .text.resetd_control_xfer_cb
                0x10001d1c       0x60 CMakeFiles/usb_test.dir/C_/Projects/Ethernet/WIZnet-PICO-C/libraries/pico-sdk/src/rp2_common/pico_stdio_usb/reset_interface.c.obj
 .text.tud_descriptor_bos_cb
                0x10001d7c        0x8 CMakeFiles/usb_test.dir/C_/Projects/Ethernet/WIZnet-PICO-C/libraries/pico-sdk/src/rp2_common/pico_stdio_usb/reset_interface.c.obj
                0x10001d7c                tud_descriptor_bos_cb
 .text.tud_vendor_control_xfer_cb
                0x10001d84       0x34 CMakeFiles/usb_test.dir/C_/Projects/Ethernet/WIZnet-PICO-C/libraries/pico-sdk/src/rp2_common/pico_stdio_usb/reset_interface.c.obj
                0x10001d84                tud_vendor_control_xfer_cb
 .text.usbd_app_driver_get_cb
                0x10001db8        0xc CMakeFiles/usb_test.dir/C_/Projects/Ethernet/WIZnet-PICO-C/libraries/pico-sdk/src/rp2_common/pico_stdio_usb/reset_interface.c.obj
                0x10001db8                usbd_app_driver_get_cb
 .text.tud_cdc_line_coding_cb
                0x10001dc4       0x2c CMakeFiles/usb_test.dir/C_/Projects/Ethernet/WIZnet-PICO-C/libraries/pico-sdk/src/rp2_common/pico_stdio_usb/reset_interface.c.obj
                0x10001dc4                tud_cdc_line_coding_cb
 .text.stdio_usb_set_chars_available_callback
                0x10001df0       0x14 CMakeFiles/usb_test.dir/C_/Projects/Ethernet/WIZnet-PICO-C/libraries/pico-sdk/src/rp2_common/pico_stdio_usb/stdio_usb.c.obj
                0x10001df0                stdio_usb_set_chars_available_callback
 .text.usb_irq  0x10001e04       0x10 CMakeFiles/usb_test.dir/C_/Projects/Ethernet/WIZnet-PICO-C/libraries/pico-sdk/src/rp2_common/pico_stdio_usb/stdio_usb.c.obj
 .text.timer_task
                0x10001e14       0x64 CMakeFiles/usb_test.dir/C_/Projects/Ethernet/WIZnet-PICO-C/libraries/pico-sdk/src/rp2_common/pico_stdio_usb/stdio_usb.c.obj
 .text.stdio_usb_in_chars
                0x10001e78       0x90 CMakeFiles/usb_test.dir/C_/Projects/Ethernet/WIZnet-PICO-C/libraries/pico-sdk/src/rp2_common/pico_stdio_usb/stdio_usb.c.obj
                0x10001e78                stdio_usb_in_chars
 .text.stdio_usb_out_flush
                0x10001f08       0x50 CMakeFiles/usb_test.dir/C_/Projects/Ethernet/WIZnet-PICO-C/libraries/pico-sdk/src/rp2_common/pico_stdio_usb/stdio_usb.c.obj
 .text.stdio_usb_out_chars
                0x10001f58      0x100 CMakeFiles/usb_test.dir/C_/Projects/Ethernet/WIZnet-PICO-C/libraries/pico-sdk/src/rp2_common/pico_stdio_usb/stdio_usb.c.obj
 .text.low_priority_worker_irq
                0x10002058       0xc8 CMakeFiles/usb_test.dir/C_/Projects/Ethernet/WIZnet-PICO-C/libraries/pico-sdk/src/rp2_common/pico_stdio_usb/stdio_usb.c.obj
 .text.stdio_usb_init
                0x10002120       0xe8 CMakeFiles/usb_test.dir/C_/Projects/Ethernet/WIZnet-PICO-C/libraries/pico-sdk/src/rp2_common/pico_stdio_usb/stdio_usb.c.obj
                0x10002120                stdio_usb_init
 .text.tud_descriptor_device_cb
                0x10002208        0x8 CMakeFiles/usb_test.dir/C_/Projects/Ethernet/WIZnet-PICO-C/libraries/pico-sdk/src/rp2_common/pico_stdio_usb/stdio_usb_descriptors.c.obj
                0x10002208                tud_descriptor_device_cb
 .text.tud_descriptor_configuration_cb
                0x10002210        0x8 CMakeFiles/usb_test.dir/C_/Projects/Ethernet/WIZnet-PICO-C/libraries/pico-sdk/src/rp2_common/pico_stdio_usb/stdio_usb_descriptors.c.obj
                0x10002210                tud_descriptor_configuration_cb
 .text.tud_descriptor_string_cb
                0x10002218       0x74 CMakeFiles/usb_test.dir/C_/Projects/Ethernet/WIZnet-PICO-C/libraries/pico-sdk/src/rp2_common/pico_stdio_usb/stdio_usb_descriptors.c.obj
                0x10002218                tud_descriptor_string_cb
 .text.startup._retrieve_unique_id_on_boot
                0x1000228c       0x10 CMakeFiles/usb_test.dir/C_/Projects/Ethernet/WIZnet-PICO-C/libraries/pico-sdk/src/rp2_common/pico_unique_id/unique_id.c.obj
 .text.pico_get_unique_board_id_string
                0x1000229c      0x1a8 CMakeFiles/usb_test.dir/C_/Projects/Ethernet/WIZnet-PICO-C/libraries/pico-sdk/src/rp2_common/pico_unique_id/unique_id.c.obj
                0x1000229c                pico_get_unique_board_id_string
 .text.flash_get_unique_id
                0x10002444       0x40 CMakeFiles/usb_test.dir/C_/Projects/Ethernet/WIZnet-PICO-C/libraries/pico-sdk/src/rp2_common/hardware_flash/flash.c.obj
                0x10002444                flash_get_unique_id
 .text.dcd_init
                0x10002484       0x90 CMakeFiles/usb_test.dir/C_/Projects/Ethernet/WIZnet-PICO-C/libraries/pico-sdk/lib/tinyusb/src/portable/raspberrypi/rp2040/dcd_rp2040.c.obj
                0x10002484                dcd_init
 .text.dcd_int_enable
                0x10002514        0xc CMakeFiles/usb_test.dir/C_/Projects/Ethernet/WIZnet-PICO-C/libraries/pico-sdk/lib/tinyusb/src/portable/raspberrypi/rp2040/dcd_rp2040.c.obj
                0x10002514                dcd_int_enable
 .text.dcd_set_address
                0x10002520       0x14 CMakeFiles/usb_test.dir/C_/Projects/Ethernet/WIZnet-PICO-C/libraries/pico-sdk/lib/tinyusb/src/portable/raspberrypi/rp2040/dcd_rp2040.c.obj
                0x10002520                dcd_set_address
 .text.dcd_sof_enable
                0x10002534       0x1c CMakeFiles/usb_test.dir/C_/Projects/Ethernet/WIZnet-PICO-C/libraries/pico-sdk/lib/tinyusb/src/portable/raspberrypi/rp2040/dcd_rp2040.c.obj
                0x10002534                dcd_sof_enable
 .text.dcd_edpt0_status_complete
                0x10002550       0x1c CMakeFiles/usb_test.dir/C_/Projects/Ethernet/WIZnet-PICO-C/libraries/pico-sdk/lib/tinyusb/src/portable/raspberrypi/rp2040/dcd_rp2040.c.obj
                0x10002550                dcd_edpt0_status_complete
 .text.dcd_edpt_open
                0x1000256c      0x114 CMakeFiles/usb_test.dir/C_/Projects/Ethernet/WIZnet-PICO-C/libraries/pico-sdk/lib/tinyusb/src/portable/raspberrypi/rp2040/dcd_rp2040.c.obj
                0x1000256c                dcd_edpt_open
 .text.dcd_edpt_close_all
                0x10002680        0x8 CMakeFiles/usb_test.dir/C_/Projects/Ethernet/WIZnet-PICO-C/libraries/pico-sdk/lib/tinyusb/src/portable/raspberrypi/rp2040/dcd_rp2040.c.obj
                0x10002680                dcd_edpt_close_all
 .text.dcd_edpt_xfer
                0x10002688       0x24 CMakeFiles/usb_test.dir/C_/Projects/Ethernet/WIZnet-PICO-C/libraries/pico-sdk/lib/tinyusb/src/portable/raspberrypi/rp2040/dcd_rp2040.c.obj
                0x10002688                dcd_edpt_xfer
 .text.dcd_edpt_stall
                0x100026ac       0x38 CMakeFiles/usb_test.dir/C_/Projects/Ethernet/WIZnet-PICO-C/libraries/pico-sdk/lib/tinyusb/src/portable/raspberrypi/rp2040/dcd_rp2040.c.obj
                0x100026ac                dcd_edpt_stall
 .text.dcd_edpt_clear_stall
                0x100026e4       0x30 CMakeFiles/usb_test.dir/C_/Projects/Ethernet/WIZnet-PICO-C/libraries/pico-sdk/lib/tinyusb/src/portable/raspberrypi/rp2040/dcd_rp2040.c.obj
                0x100026e4                dcd_edpt_clear_stall
 .text.rp2040_usb_init
                0x10002714       0x40 CMakeFiles/usb_test.dir/C_/Projects/Ethernet/WIZnet-PICO-C/libraries/pico-sdk/lib/tinyusb/src/portable/raspberrypi/rp2040/rp2040_usb.c.obj
                0x10002714                rp2040_usb_init
 .text.hw_endpoint_xfer_start
                0x10002754       0x50 CMakeFiles/usb_test.dir/C_/Projects/Ethernet/WIZnet-PICO-C/libraries/pico-sdk/lib/tinyusb/src/portable/raspberrypi/rp2040/rp2040_usb.c.obj
                0x10002754                hw_endpoint_xfer_start
 .text.tud_event_hook_cb
                0x100027a4        0x4 CMakeFiles/usb_test.dir/C_/Projects/Ethernet/WIZnet-PICO-C/libraries/pico-sdk/lib/tinyusb/src/device/usbd.c.obj
                0x100027a4                tud_event_hook_cb
 .text.tud_sof_cb
                0x100027a8        0x4 CMakeFiles/usb_test.dir/C_/Projects/Ethernet/WIZnet-PICO-C/libraries/pico-sdk/lib/tinyusb/src/device/usbd.c.obj
                0x100027a8                tud_sof_cb
 .text.tud_descriptor_device_qualifier_cb
                0x100027ac        0x4 CMakeFiles/usb_test.dir/C_/Projects/Ethernet/WIZnet-PICO-C/libraries/pico-sdk/lib/tinyusb/src/device/usbd.c.obj
                0x100027ac                tud_descriptor_device_qualifier_cb
 .text.tud_descriptor_other_speed_configuration_cb
                0x100027b0        0x4 CMakeFiles/usb_test.dir/C_/Projects/Ethernet/WIZnet-PICO-C/libraries/pico-sdk/lib/tinyusb/src/device/usbd.c.obj
                0x100027b0                tud_descriptor_other_speed_configuration_cb
 .text.tud_mount_cb
                0x100027b4        0x4 CMakeFiles/usb_test.dir/C_/Projects/Ethernet/WIZnet-PICO-C/libraries/pico-sdk/lib/tinyusb/src/device/usbd.c.obj
                0x100027b4                tud_mount_cb
 .text.tud_umount_cb
                0x100027b8        0x4 CMakeFiles/usb_test.dir/C_/Projects/Ethernet/WIZnet-PICO-C/libraries/pico-sdk/lib/tinyusb/src/device/usbd.c.obj
                0x100027b8                tud_umount_cb
 .text.tud_suspend_cb
                0x100027bc        0x4 CMakeFiles/usb_test.dir/C_/Projects/Ethernet/WIZnet-PICO-C/libraries/pico-sdk/lib/tinyusb/src/device/usbd.c.obj
                0x100027bc                tud_suspend_cb
 .text.tud_resume_cb
                0x100027c0        0x4 CMakeFiles/usb_test.dir/C_/Projects/Ethernet/WIZnet-PICO-C/libraries/pico-sdk/lib/tinyusb/src/device/usbd.c.obj
                0x100027c0                tud_resume_cb
 .text.tud_mounted
                0x100027c4       0x10 CMakeFiles/usb_test.dir/C_/Projects/Ethernet/WIZnet-PICO-C/libraries/pico-sdk/lib/tinyusb/src/device/usbd.c.obj
                0x100027c4                tud_mounted
 .text.tud_suspended
                0x100027d4       0x10 CMakeFiles/usb_test.dir/C_/Projects/Ethernet/WIZnet-PICO-C/libraries/pico-sdk/lib/tinyusb/src/device/usbd.c.obj
                0x100027d4                tud_suspended
 .text.tud_rhport_init
                0x100027e4       0xf4 CMakeFiles/usb_test.dir/C_/Projects/Ethernet/WIZnet-PICO-C/libraries/pico-sdk/lib/tinyusb/src/device/usbd.c.obj
                0x100027e4                tud_rhport_init
 .text.tud_task_ext
                0x100028d8      0x800 CMakeFiles/usb_test.dir/C_/Projects/Ethernet/WIZnet-PICO-C/libraries/pico-sdk/lib/tinyusb/src/device/usbd.c.obj
                0x100028d8                tud_task_ext
 .text.usbd_open_edpt_pair
                0x100030d8       0x9c CMakeFiles/usb_test.dir/C_/Projects/Ethernet/WIZnet-PICO-C/libraries/pico-sdk/lib/tinyusb/src/device/usbd.c.obj
                0x100030d8                usbd_open_edpt_pair
 .text.usbd_edpt_open
                0x10003174       0x34 CMakeFiles/usb_test.dir/C_/Projects/Ethernet/WIZnet-PICO-C/libraries/pico-sdk/lib/tinyusb/src/device/usbd.c.obj
                0x10003174                usbd_edpt_open
 .text.usbd_edpt_claim
                0x100031a8       0x28 CMakeFiles/usb_test.dir/C_/Projects/Ethernet/WIZnet-PICO-C/libraries/pico-sdk/lib/tinyusb/src/device/usbd.c.obj
                0x100031a8                usbd_edpt_claim
 .text.usbd_edpt_release
                0x100031d0       0x28 CMakeFiles/usb_test.dir/C_/Projects/Ethernet/WIZnet-PICO-C/libraries/pico-sdk/lib/tinyusb/src/device/usbd.c.obj
                0x100031d0                usbd_edpt_release
 .text.usbd_edpt_xfer
                0x100031f8       0x4c CMakeFiles/usb_test.dir/C_/Projects/Ethernet/WIZnet-PICO-C/libraries/pico-sdk/lib/tinyusb/src/device/usbd.c.obj
                0x100031f8                usbd_edpt_xfer
 .text.tud_control_status
                0x10003244       0x30 CMakeFiles/usb_test.dir/C_/Projects/Ethernet/WIZnet-PICO-C/libraries/pico-sdk/lib/tinyusb/src/device/usbd_control.c.obj
                0x10003244                tud_control_status
 .text.tud_control_xfer
                0x10003274       0xbc CMakeFiles/usb_test.dir/C_/Projects/Ethernet/WIZnet-PICO-C/libraries/pico-sdk/lib/tinyusb/src/device/usbd_control.c.obj
                0x10003274                tud_control_xfer
 .text.usbd_control_reset
                0x10003330       0x14 CMakeFiles/usb_test.dir/C_/Projects/Ethernet/WIZnet-PICO-C/libraries/pico-sdk/lib/tinyusb/src/device/usbd_control.c.obj
                0x10003330                usbd_control_reset
 .text.usbd_control_set_complete_callback
                0x10003344        0xc CMakeFiles/usb_test.dir/C_/Projects/Ethernet/WIZnet-PICO-C/libraries/pico-sdk/lib/tinyusb/src/device/usbd_control.c.obj
                0x10003344                usbd_control_set_complete_callback
 .text.usbd_control_set_request
                0x10003350       0x1c CMakeFiles/usb_test.dir/C_/Projects/Ethernet/WIZnet-PICO-C/libraries/pico-sdk/lib/tinyusb/src/device/usbd_control.c.obj
                0x10003350                usbd_control_set_request
 .text.usbd_control_xfer_cb
                0x1000336c       0xf0 CMakeFiles/usb_test.dir/C_/Projects/Ethernet/WIZnet-PICO-C/libraries/pico-sdk/lib/tinyusb/src/device/usbd_control.c.obj
                0x1000336c                usbd_control_xfer_cb
 .text._prep_out_transaction.isra.0
                0x1000345c       0x6c CMakeFiles/usb_test.dir/C_/Projects/Ethernet/WIZnet-PICO-C/libraries/pico-sdk/lib/tinyusb/src/class/cdc/cdc_device.c.obj
 .text.tud_cdc_n_connected
                0x100034c8       0x2c CMakeFiles/usb_test.dir/C_/Projects/Ethernet/WIZnet-PICO-C/libraries/pico-sdk/lib/tinyusb/src/class/cdc/cdc_device.c.obj
                0x100034c8                tud_cdc_n_connected
 .text.tud_cdc_n_available
                0x100034f4       0x18 CMakeFiles/usb_test.dir/C_/Projects/Ethernet/WIZnet-PICO-C/libraries/pico-sdk/lib/tinyusb/src/class/cdc/cdc_device.c.obj
                0x100034f4                tud_cdc_n_available
 .text.tud_cdc_n_read
                0x1000350c       0x94 CMakeFiles/usb_test.dir/C_/Projects/Ethernet/WIZnet-PICO-C/libraries/pico-sdk/lib/tinyusb/src/class/cdc/cdc_device.c.obj
                0x1000350c                tud_cdc_n_read
 .text.tud_cdc_n_write_flush
                0x100035a0       0x78 CMakeFiles/usb_test.dir/C_/Projects/Ethernet/WIZnet-PICO-C/libraries/pico-sdk/lib/tinyusb/src/class/cdc/cdc_device.c.obj
                0x100035a0                tud_cdc_n_write_flush
 .text.tud_cdc_n_write
                0x10003618       0x44 CMakeFiles/usb_test.dir/C_/Projects/Ethernet/WIZnet-PICO-C/libraries/pico-sdk/lib/tinyusb/src/class/cdc/cdc_device.c.obj
                0x10003618                tud_cdc_n_write
 .text.tud_cdc_n_write_available
                0x1000365c       0x18 CMakeFiles/usb_test.dir/C_/Projects/Ethernet/WIZnet-PICO-C/libraries/pico-sdk/lib/tinyusb/src/class/cdc/cdc_device.c.obj
                0x1000365c                tud_cdc_n_write_available
 .text.cdcd_init
                0x10003674       0x70 CMakeFiles/usb_test.dir/C_/Projects/Ethernet/WIZnet-PICO-C/libraries/pico-sdk/lib/tinyusb/src/class/cdc/cdc_device.c.obj
                0x10003674                cdcd_init
 .text.cdcd_deinit
                0x100036e4       0x24 CMakeFiles/usb_test.dir/C_/Projects/Ethernet/WIZnet-PICO-C/libraries/pico-sdk/lib/tinyusb/src/class/cdc/cdc_device.c.obj
                0x100036e4                cdcd_deinit
 .text.cdcd_reset
                0x10003708       0x4c CMakeFiles/usb_test.dir/C_/Projects/Ethernet/WIZnet-PICO-C/libraries/pico-sdk/lib/tinyusb/src/class/cdc/cdc_device.c.obj
                0x10003708                cdcd_reset
 .text.cdcd_open
                0x10003754       0xa8 CMakeFiles/usb_test.dir/C_/Projects/Ethernet/WIZnet-PICO-C/libraries/pico-sdk/lib/tinyusb/src/class/cdc/cdc_device.c.obj
                0x10003754                cdcd_open
 .text.cdcd_control_xfer_cb
                0x100037fc       0xe8 CMakeFiles/usb_test.dir/C_/Projects/Ethernet/WIZnet-PICO-C/libraries/pico-sdk/lib/tinyusb/src/class/cdc/cdc_device.c.obj
                0x100037fc                cdcd_control_xfer_cb
 .text.cdcd_xfer_cb
                0x100038e4       0xfc CMakeFiles/usb_test.dir/C_/Projects/Ethernet/WIZnet-PICO-C/libraries/pico-sdk/lib/tinyusb/src/class/cdc/cdc_device.c.obj
                0x100038e4                cdcd_xfer_cb
 .text.vendord_init
                0x100039e0       0x5c CMakeFiles/usb_test.dir/C_/Projects/Ethernet/WIZnet-PICO-C/libraries/pico-sdk/lib/tinyusb/src/class/vendor/vendor_device.c.obj
                0x100039e0                vendord_init
 .text.vendord_deinit
                0x10003a3c       0x1c CMakeFiles/usb_test.dir/C_/Projects/Ethernet/WIZnet-PICO-C/libraries/pico-sdk/lib/tinyusb/src/class/vendor/vendor_device.c.obj
                0x10003a3c                vendord_deinit
 .text.vendord_reset
                0x10003a58       0x28 CMakeFiles/usb_test.dir/C_/Projects/Ethernet/WIZnet-PICO-C/libraries/pico-sdk/lib/tinyusb/src/class/vendor/vendor_device.c.obj
                0x10003a58                vendord_reset
 .text.vendord_open
                0x10003a80      0x128 CMakeFiles/usb_test.dir/C_/Projects/Ethernet/WIZnet-PICO-C/libraries/pico-sdk/lib/tinyusb/src/class/vendor/vendor_device.c.obj
                0x10003a80                vendord_open
 .text.vendord_xfer_cb
                0x10003ba8       0x9c CMakeFiles/usb_test.dir/C_/Projects/Ethernet/WIZnet-PICO-C/libraries/pico-sdk/lib/tinyusb/src/class/vendor/vendor_device.c.obj
                0x10003ba8                vendord_xfer_cb
 .text.tusb_rhport_init
                0x10003c44       0x48 CMakeFiles/usb_test.dir/C_/Projects/Ethernet/WIZnet-PICO-C/libraries/pico-sdk/lib/tinyusb/src/tusb.c.obj
                0x10003c44                tusb_rhport_init
 .text.tu_edpt_claim
                0x10003c8c       0x50 CMakeFiles/usb_test.dir/C_/Projects/Ethernet/WIZnet-PICO-C/libraries/pico-sdk/lib/tinyusb/src/tusb.c.obj
                0x10003c8c                tu_edpt_claim
 .text.tu_edpt_release
                0x10003cdc       0x38 CMakeFiles/usb_test.dir/C_/Projects/Ethernet/WIZnet-PICO-C/libraries/pico-sdk/lib/tinyusb/src/tusb.c.obj
                0x10003cdc                tu_edpt_release
 .text.tu_edpt_validate
                0x10003d14       0x78 CMakeFiles/usb_test.dir/C_/Projects/Ethernet/WIZnet-PICO-C/libraries/pico-sdk/lib/tinyusb/src/tusb.c.obj
                0x10003d14                tu_edpt_validate
 .text.tu_edpt_bind_driver
                0x10003d8c       0x34 CMakeFiles/usb_test.dir/C_/Projects/Ethernet/WIZnet-PICO-C/libraries/pico-sdk/lib/tinyusb/src/tusb.c.obj
                0x10003d8c                tu_edpt_bind_driver
 .text.tu_edpt_stream_init
                0x10003dc0       0x6c CMakeFiles/usb_test.dir/C_/Projects/Ethernet/WIZnet-PICO-C/libraries/pico-sdk/lib/tinyusb/src/tusb.c.obj
                0x10003dc0                tu_edpt_stream_init
 .text.tu_edpt_stream_deinit
                0x10003e2c        0x4 CMakeFiles/usb_test.dir/C_/Projects/Ethernet/WIZnet-PICO-C/libraries/pico-sdk/lib/tinyusb/src/tusb.c.obj
                0x10003e2c                tu_edpt_stream_deinit
 .text.tu_edpt_stream_write_zlp_if_needed
                0x10003e30       0x58 CMakeFiles/usb_test.dir/C_/Projects/Ethernet/WIZnet-PICO-C/libraries/pico-sdk/lib/tinyusb/src/tusb.c.obj
                0x10003e30                tu_edpt_stream_write_zlp_if_needed
 .text.tu_edpt_stream_write_xfer
                0x10003e88       0x64 CMakeFiles/usb_test.dir/C_/Projects/Ethernet/WIZnet-PICO-C/libraries/pico-sdk/lib/tinyusb/src/tusb.c.obj
                0x10003e88                tu_edpt_stream_write_xfer
 .text.tu_edpt_stream_read_xfer
                0x10003eec       0xdc CMakeFiles/usb_test.dir/C_/Projects/Ethernet/WIZnet-PICO-C/libraries/pico-sdk/lib/tinyusb/src/tusb.c.obj
                0x10003eec                tu_edpt_stream_read_xfer
 .text.tu_fifo_config
                0x10003fc8       0x70 CMakeFiles/usb_test.dir/C_/Projects/Ethernet/WIZnet-PICO-C/libraries/pico-sdk/lib/tinyusb/src/common/tusb_fifo.c.obj
                0x10003fc8                tu_fifo_config
 .text.tu_fifo_count
                0x10004038       0x2c CMakeFiles/usb_test.dir/C_/Projects/Ethernet/WIZnet-PICO-C/libraries/pico-sdk/lib/tinyusb/src/common/tusb_fifo.c.obj
                0x10004038                tu_fifo_count
 .text.tu_fifo_empty
                0x10004064       0x10 CMakeFiles/usb_test.dir/C_/Projects/Ethernet/WIZnet-PICO-C/libraries/pico-sdk/lib/tinyusb/src/common/tusb_fifo.c.obj
                0x10004064                tu_fifo_empty
 .text.tu_fifo_remaining
                0x10004074       0x2c CMakeFiles/usb_test.dir/C_/Projects/Ethernet/WIZnet-PICO-C/libraries/pico-sdk/lib/tinyusb/src/common/tusb_fifo.c.obj
                0x10004074                tu_fifo_remaining
 .text.tu_fifo_read
                0x100040a0       0xa0 CMakeFiles/usb_test.dir/C_/Projects/Ethernet/WIZnet-PICO-C/libraries/pico-sdk/lib/tinyusb/src/common/tusb_fifo.c.obj
                0x100040a0                tu_fifo_read
 .text.tu_fifo_read_n
                0x10004140       0xec CMakeFiles/usb_test.dir/C_/Projects/Ethernet/WIZnet-PICO-C/libraries/pico-sdk/lib/tinyusb/src/common/tusb_fifo.c.obj
                0x10004140                tu_fifo_read_n
 .text.tu_fifo_write
                0x1000422c       0x88 CMakeFiles/usb_test.dir/C_/Projects/Ethernet/WIZnet-PICO-C/libraries/pico-sdk/lib/tinyusb/src/common/tusb_fifo.c.obj
                0x1000422c                tu_fifo_write
 .text.tu_fifo_write_n
                0x100042b4      0x168 CMakeFiles/usb_test.dir/C_/Projects/Ethernet/WIZnet-PICO-C/libraries/pico-sdk/lib/tinyusb/src/common/tusb_fifo.c.obj
                0x100042b4                tu_fifo_write_n
 .text.tu_fifo_clear
                0x1000441c       0x40 CMakeFiles/usb_test.dir/C_/Projects/Ethernet/WIZnet-PICO-C/libraries/pico-sdk/lib/tinyusb/src/common/tusb_fifo.c.obj
                0x1000441c                tu_fifo_clear
 .text.tu_fifo_set_overwritable
                0x1000445c       0x48 CMakeFiles/usb_test.dir/C_/Projects/Ethernet/WIZnet-PICO-C/libraries/pico-sdk/lib/tinyusb/src/common/tusb_fifo.c.obj
                0x1000445c                tu_fifo_set_overwritable
 .text.strlen   0x100044a4       0x5c c:/progra~2/gnuarm~1/102021~1.10/bin/../lib/gcc/arm-none-eabi/10.3.1/../../../../arm-none-eabi/lib/thumb/v6-m/nofp\libg.a(lib_a-strlen-stub.o)
                0x100044a4                strlen
 *(.fini)
 .fini          0x10004500        0x4 c:/progra~2/gnuarm~1/102021~1.10/bin/../lib/gcc/arm-none-eabi/10.3.1/thumb/v6-m/nofp/crti.o
                0x10004500                _fini
 *fill*         0x10004504        0x4 
 .fini.__stub   0x10004508       0xc0 linker stubs
 *crtbegin.o(.ctors)
 *crtbegin?.o(.ctors)
 *(EXCLUDE_FILE(*crtend.o *crtend?.o) .ctors)
 *(SORT_BY_NAME(.ctors.*))
 *(.ctors)
 *crtbegin.o(.dtors)
 *crtbegin?.o(.dtors)
 *(EXCLUDE_FILE(*crtend.o *crtend?.o) .dtors)
 *(SORT_BY_NAME(.dtors.*))
 *(.dtors)
                0x100045c8                . = ALIGN (0x4)
                0x100045c8                PROVIDE (__preinit_array_start = .)
 *(SORT_BY_NAME(.preinit_array.*))
 .preinit_array.00100
                0x100045c8        0x4 CMakeFiles/usb_test.dir/C_/Projects/Ethernet/WIZnet-PICO-C/libraries/pico-sdk/src/rp2_common/pico_runtime_init/runtime_init.c.obj
                0x100045c8                __pre_init_runtime_init_early_resets
 .preinit_array.00101
                0x100045cc        0x4 CMakeFiles/usb_test.dir/C_/Projects/Ethernet/WIZnet-PICO-C/libraries/pico-sdk/src/rp2_common/pico_runtime_init/runtime_init.c.obj
                0x100045cc                __pre_init_runtime_init_usb_power_down
 .preinit_array.00275
                0x100045d0        0x4 CMakeFiles/usb_test.dir/C_/Projects/Ethernet/WIZnet-PICO-C/libraries/pico-sdk/src/rp2_common/pico_bit_ops/bit_ops_aeabi.S.obj
 .preinit_array.00300
                0x100045d4        0x4 CMakeFiles/usb_test.dir/C_/Projects/Ethernet/WIZnet-PICO-C/libraries/pico-sdk/src/rp2_common/pico_mem_ops/mem_ops_aeabi.S.obj
 .preinit_array.00350
                0x100045d8        0x4 CMakeFiles/usb_test.dir/C_/Projects/Ethernet/WIZnet-PICO-C/libraries/pico-sdk/src/rp2_common/pico_double/double_aeabi_rp2040.S.obj
 .preinit_array.00350
                0x100045dc        0x4 CMakeFiles/usb_test.dir/C_/Projects/Ethernet/WIZnet-PICO-C/libraries/pico-sdk/src/rp2_common/pico_float/float_aeabi_rp2040.S.obj
 .preinit_array.00500
                0x100045e0        0x4 CMakeFiles/usb_test.dir/C_/Projects/Ethernet/WIZnet-PICO-C/libraries/pico-sdk/src/rp2_common/pico_runtime_init/runtime_init.c.obj
                0x100045e0                __pre_init_runtime_init_clocks
 .preinit_array.00600
                0x100045e4        0x4 CMakeFiles/usb_test.dir/C_/Projects/Ethernet/WIZnet-PICO-C/libraries/pico-sdk/src/rp2_common/pico_runtime_init/runtime_init.c.obj
                0x100045e4                __pre_init_runtime_init_post_clock_resets
 .preinit_array.00700
                0x100045e8        0x4 CMakeFiles/usb_test.dir/C_/Projects/Ethernet/WIZnet-PICO-C/libraries/pico-sdk/src/rp2_common/pico_runtime_init/runtime_init.c.obj
                0x100045e8                __pre_init_runtime_init_rp2040_gpio_ie_disable
 .preinit_array.01000
                0x100045ec        0x4 CMakeFiles/usb_test.dir/C_/Projects/Ethernet/WIZnet-PICO-C/libraries/pico-sdk/src/rp2_common/pico_runtime_init/runtime_init.c.obj
                0x100045ec                __pre_init_runtime_init_spin_locks_reset
 .preinit_array.01100
                0x100045f0        0x4 CMakeFiles/usb_test.dir/C_/Projects/Ethernet/WIZnet-PICO-C/libraries/pico-sdk/src/common/pico_sync/mutex.c.obj
                0x100045f0                __pre_init_runtime_init_mutex
 .preinit_array.10080
                0x100045f4        0x4 CMakeFiles/usb_test.dir/C_/Projects/Ethernet/WIZnet-PICO-C/libraries/pico-sdk/src/rp2_common/pico_runtime_init/runtime_init.c.obj
                0x100045f4                __pre_init_runtime_init_install_ram_vector_table
 .preinit_array.11000
                0x100045f8        0x4 CMakeFiles/usb_test.dir/C_/Projects/Ethernet/WIZnet-PICO-C/libraries/pico-sdk/src/common/pico_time/time.c.obj
                0x100045f8                __pre_init_runtime_init_default_alarm_pool
 .preinit_array.YYYYY
                0x100045fc        0x4 CMakeFiles/usb_test.dir/C_/Projects/Ethernet/WIZnet-PICO-C/libraries/pico-sdk/src/rp2_common/pico_runtime/runtime.c.obj
                0x100045fc                __pre_init_first_per_core_initializer
 .preinit_array.ZZZZZ.01200
                0x10004600        0x4 CMakeFiles/usb_test.dir/C_/Projects/Ethernet/WIZnet-PICO-C/libraries/pico-sdk/src/rp2_common/hardware_irq/irq.c.obj
                0x10004600                __pre_init_runtime_init_per_core_irq_priorities
 *(.preinit_array)
                0x10004604                PROVIDE (__preinit_array_end = .)
                0x10004604                . = ALIGN (0x4)
                0x10004604                PROVIDE (__init_array_start = .)
 *(SORT_BY_NAME(.init_array.*))
 .init_array.01000
                0x10004604        0x4 CMakeFiles/usb_test.dir/C_/Projects/Ethernet/WIZnet-PICO-C/libraries/pico-sdk/src/rp2_common/pico_unique_id/unique_id.c.obj
 *(.init_array)
 .init_array    0x10004608        0x4 c:/progra~2/gnuarm~1/102021~1.10/bin/../lib/gcc/arm-none-eabi/10.3.1/thumb/v6-m/nofp/crtbegin.o
                0x1000460c                PROVIDE (__init_array_end = .)
                0x1000460c                . = ALIGN (0x4)
                [!provide]                PROVIDE (__fini_array_start = .)
 *(SORT_BY_NAME(.fini_array.*))
 *(.fini_array)
                [!provide]                PROVIDE (__fini_array_end = .)
 *(.eh_frame*)
 .eh_frame      0x1000460c        0x0 c:/progra~2/gnuarm~1/102021~1.10/bin/../lib/gcc/arm-none-eabi/10.3.1/thumb/v6-m/nofp/crtbegin.o
                0x1000460c                . = ALIGN (0x4)

.glue_7         0x1000460c        0x0
 .glue_7        0x1000460c        0x0 linker stubs

.glue_7t        0x1000460c        0x0
 .glue_7t       0x1000460c        0x0 linker stubs

.vfp11_veneer   0x1000460c        0x0
 .vfp11_veneer  0x1000460c        0x0 linker stubs

.v4_bx          0x1000460c        0x0
 .v4_bx         0x1000460c        0x0 linker stubs

.iplt           0x1000460c        0x0
 .iplt          0x1000460c        0x0 c:/progra~2/gnuarm~1/102021~1.10/bin/../lib/gcc/arm-none-eabi/10.3.1/thumb/v6-m/nofp/crtbegin.o

.rodata         0x1000460c      0x42c
 *(EXCLUDE_FILE(*libm.a: *libc.a:*lib_a-mem*.o *libgcc.a:) .rodata*)
 .rodata.main.str1.4
                0x1000460c       0x1c CMakeFiles/usb_test.dir/main.c.obj
 .rodata.panic.str1.4
                0x10004628       0x12 CMakeFiles/usb_test.dir/C_/Projects/Ethernet/WIZnet-PICO-C/libraries/pico-sdk/src/rp2_common/pico_platform_panic/panic.c.obj
 *fill*         0x1000463a        0x2 
 .rodata.spin_lock_claim_unused.str1.4
                0x1000463c       0x1b CMakeFiles/usb_test.dir/C_/Projects/Ethernet/WIZnet-PICO-C/libraries/pico-sdk/src/rp2_common/hardware_sync/sync.c.obj
 *fill*         0x10004657        0x1 
 .rodata.user_irq_claim_unused.str1.4
                0x10004658       0x1b CMakeFiles/usb_test.dir/C_/Projects/Ethernet/WIZnet-PICO-C/libraries/pico-sdk/src/rp2_common/hardware_irq/irq.c.obj
 *fill*         0x10004673        0x1 
 .rodata.timer_hardware_alarm_claim.str1.4
                0x10004674       0x22 CMakeFiles/usb_test.dir/C_/Projects/Ethernet/WIZnet-PICO-C/libraries/pico-sdk/src/rp2_common/hardware_timer/timer.c.obj
 *fill*         0x10004696        0x2 
 .rodata.hard_assertion_failure.str1.4
                0x10004698        0xc CMakeFiles/usb_test.dir/C_/Projects/Ethernet/WIZnet-PICO-C/libraries/pico-sdk/src/rp2_common/pico_runtime/runtime.c.obj
 .rodata.str1.4
                0x100046a4       0x40 CMakeFiles/usb_test.dir/C_/Projects/Ethernet/WIZnet-PICO-C/libraries/pico-sdk/src/rp2_common/pico_standard_binary_info/standard_binary_info.c.obj
 .rodata.__bi_26
                0x100046e4        0xc CMakeFiles/usb_test.dir/C_/Projects/Ethernet/WIZnet-PICO-C/libraries/pico-sdk/src/rp2_common/pico_standard_binary_info/standard_binary_info.c.obj
 .rodata.__bi_34
                0x100046f0        0xc CMakeFiles/usb_test.dir/C_/Projects/Ethernet/WIZnet-PICO-C/libraries/pico-sdk/src/rp2_common/pico_standard_binary_info/standard_binary_info.c.obj
 .rodata.__bi_42
                0x100046fc        0xc CMakeFiles/usb_test.dir/C_/Projects/Ethernet/WIZnet-PICO-C/libraries/pico-sdk/src/rp2_common/pico_standard_binary_info/standard_binary_info.c.obj
 .rodata.__bi_48
                0x10004708        0xc CMakeFiles/usb_test.dir/C_/Projects/Ethernet/WIZnet-PICO-C/libraries/pico-sdk/src/rp2_common/pico_standard_binary_info/standard_binary_info.c.obj
 .rodata.__bi_54
                0x10004714        0xc CMakeFiles/usb_test.dir/C_/Projects/Ethernet/WIZnet-PICO-C/libraries/pico-sdk/src/rp2_common/pico_standard_binary_info/standard_binary_info.c.obj
 .rodata.__bi_78
                0x10004720        0xc CMakeFiles/usb_test.dir/C_/Projects/Ethernet/WIZnet-PICO-C/libraries/pico-sdk/src/rp2_common/pico_standard_binary_info/standard_binary_info.c.obj
 .rodata.__bi_84
                0x1000472c        0xc CMakeFiles/usb_test.dir/C_/Projects/Ethernet/WIZnet-PICO-C/libraries/pico-sdk/src/rp2_common/pico_standard_binary_info/standard_binary_info.c.obj
 .rodata.crlf_str.0
                0x10004738        0x2 CMakeFiles/usb_test.dir/C_/Projects/Ethernet/WIZnet-PICO-C/libraries/pico-sdk/src/rp2_common/pico_stdio/stdio.c.obj
 *fill*         0x1000473a        0x2 
 .rodata._resetd_driver
                0x1000473c       0x20 CMakeFiles/usb_test.dir/C_/Projects/Ethernet/WIZnet-PICO-C/libraries/pico-sdk/src/rp2_common/pico_stdio_usb/reset_interface.c.obj
 .rodata.desc_bos
                0x1000475c       0x21 CMakeFiles/usb_test.dir/C_/Projects/Ethernet/WIZnet-PICO-C/libraries/pico-sdk/src/rp2_common/pico_stdio_usb/reset_interface.c.obj
                0x1000475c                desc_bos
 *fill*         0x1000477d        0x3 
 .rodata.desc_ms_os_20
                0x10004780       0xa6 CMakeFiles/usb_test.dir/C_/Projects/Ethernet/WIZnet-PICO-C/libraries/pico-sdk/src/rp2_common/pico_stdio_usb/reset_interface.c.obj
 *fill*         0x10004826        0x2 
 .rodata.str1.4
                0x10004828       0x13 CMakeFiles/usb_test.dir/C_/Projects/Ethernet/WIZnet-PICO-C/libraries/pico-sdk/src/rp2_common/pico_stdio_usb/stdio_usb.c.obj
 *fill*         0x1000483b        0x1 
 .rodata.__bi_202.0
                0x1000483c        0xc CMakeFiles/usb_test.dir/C_/Projects/Ethernet/WIZnet-PICO-C/libraries/pico-sdk/src/rp2_common/pico_stdio_usb/stdio_usb.c.obj
 .rodata.str1.4
                0x10004848       0x2a CMakeFiles/usb_test.dir/C_/Projects/Ethernet/WIZnet-PICO-C/libraries/pico-sdk/src/rp2_common/pico_stdio_usb/stdio_usb_descriptors.c.obj
 *fill*         0x10004872        0x2 
 .rodata.usbd_desc_cfg
                0x10004874       0x54 CMakeFiles/usb_test.dir/C_/Projects/Ethernet/WIZnet-PICO-C/libraries/pico-sdk/src/rp2_common/pico_stdio_usb/stdio_usb_descriptors.c.obj
 .rodata.usbd_desc_device
                0x100048c8       0x12 CMakeFiles/usb_test.dir/C_/Projects/Ethernet/WIZnet-PICO-C/libraries/pico-sdk/src/rp2_common/pico_stdio_usb/stdio_usb_descriptors.c.obj
 *fill*         0x100048da        0x2 
 .rodata.usbd_desc_str
                0x100048dc       0x18 CMakeFiles/usb_test.dir/C_/Projects/Ethernet/WIZnet-PICO-C/libraries/pico-sdk/src/rp2_common/pico_stdio_usb/stdio_usb_descriptors.c.obj
 .rodata.str1.4
                0x100048f4       0x14 CMakeFiles/usb_test.dir/C_/Projects/Ethernet/WIZnet-PICO-C/libraries/pico-sdk/lib/tinyusb/src/portable/raspberrypi/rp2040/dcd_rp2040.c.obj
 .rodata.str1.4
                0x10004908       0x48 CMakeFiles/usb_test.dir/C_/Projects/Ethernet/WIZnet-PICO-C/libraries/pico-sdk/lib/tinyusb/src/portable/raspberrypi/rp2040/rp2040_usb.c.obj
 .rodata.tud_task_ext
                0x10004950       0x8c CMakeFiles/usb_test.dir/C_/Projects/Ethernet/WIZnet-PICO-C/libraries/pico-sdk/lib/tinyusb/src/device/usbd.c.obj
 .rodata        0x100049dc       0x1c CMakeFiles/usb_test.dir/C_/Projects/Ethernet/WIZnet-PICO-C/libraries/pico-sdk/lib/tinyusb/src/device/usbd.c.obj
 .rodata._usbd_driver
                0x100049f8       0x40 CMakeFiles/usb_test.dir/C_/Projects/Ethernet/WIZnet-PICO-C/libraries/pico-sdk/lib/tinyusb/src/device/usbd.c.obj
                0x10004a38                . = ALIGN (0x4)
 *(SORT_BY_ALIGNMENT(SORT_BY_NAME(.flashdata*)))
                0x10004a38                . = ALIGN (0x4)

.ARM.extab
 *(.ARM.extab* .gnu.linkonce.armextab.*)
                0x10004a38                __exidx_start = .

.ARM.exidx
 *(.ARM.exidx* .gnu.linkonce.armexidx.*)
                0x10004a38                __exidx_end = .
                0x10004a38                . = ALIGN (0x4)
                0x10004a38                __binary_info_start = .

.binary_info    0x10004a38       0x20
 *(.binary_info.keep.*)
 .binary_info.keep.__bi_ptr26
                0x10004a38        0x4 CMakeFiles/usb_test.dir/C_/Projects/Ethernet/WIZnet-PICO-C/libraries/pico-sdk/src/rp2_common/pico_standard_binary_info/standard_binary_info.c.obj
 .binary_info.keep.__bi_ptr34
                0x10004a3c        0x4 CMakeFiles/usb_test.dir/C_/Projects/Ethernet/WIZnet-PICO-C/libraries/pico-sdk/src/rp2_common/pico_standard_binary_info/standard_binary_info.c.obj
 .binary_info.keep.__bi_ptr42
                0x10004a40        0x4 CMakeFiles/usb_test.dir/C_/Projects/Ethernet/WIZnet-PICO-C/libraries/pico-sdk/src/rp2_common/pico_standard_binary_info/standard_binary_info.c.obj
 .binary_info.keep.__bi_ptr48
                0x10004a44        0x4 CMakeFiles/usb_test.dir/C_/Projects/Ethernet/WIZnet-PICO-C/libraries/pico-sdk/src/rp2_common/pico_standard_binary_info/standard_binary_info.c.obj
 .binary_info.keep.__bi_ptr54
                0x10004a48        0x4 CMakeFiles/usb_test.dir/C_/Projects/Ethernet/WIZnet-PICO-C/libraries/pico-sdk/src/rp2_common/pico_standard_binary_info/standard_binary_info.c.obj
 .binary_info.keep.__bi_ptr78
                0x10004a4c        0x4 CMakeFiles/usb_test.dir/C_/Projects/Ethernet/WIZnet-PICO-C/libraries/pico-sdk/src/rp2_common/pico_standard_binary_info/standard_binary_info.c.obj
 .binary_info.keep.__bi_ptr84
                0x10004a50        0x4 CMakeFiles/usb_test.dir/C_/Projects/Ethernet/WIZnet-PICO-C/libraries/pico-sdk/src/rp2_common/pico_standard_binary_info/standard_binary_info.c.obj
 *(.binary_info.*)
 .binary_info.__bi_ptr202
                0x10004a54        0x4 CMakeFiles/usb_test.dir/C_/Projects/Ethernet/WIZnet-PICO-C/libraries/pico-sdk/src/rp2_common/pico_stdio_usb/stdio_usb.c.obj
                0x10004a58                __binary_info_end = .
                0x10004a58                . = ALIGN (0x4)

.ram_vector_table
                0x20000000       0xc0
 *(.ram_vector_table)
 .ram_vector_table
                0x20000000       0xc0 CMakeFiles/usb_test.dir/C_/Projects/Ethernet/WIZnet-PICO-C/libraries/pico-sdk/src/rp2_common/pico_runtime_init/runtime_init.c.obj
                0x20000000                ram_vector_table

.uninitialized_data
                0x200000c0        0x0
                0x200000c0                . = ALIGN (0x4)
 *(.uninitialized_data*)

.data           0x200000c0     0x1030 load address 0x10004a58
                0x200000c0                __data_start__ = .
 *(vtable)
 *(.time_critical*)
 .time_critical.mutex_try_enter
                0x200000c0       0x44 CMakeFiles/usb_test.dir/C_/Projects/Ethernet/WIZnet-PICO-C/libraries/pico-sdk/src/common/pico_sync/mutex.c.obj
                0x200000c0                mutex_try_enter
 .time_critical.mutex_try_enter_block_until
                0x20000104       0x9c CMakeFiles/usb_test.dir/C_/Projects/Ethernet/WIZnet-PICO-C/libraries/pico-sdk/src/common/pico_sync/mutex.c.obj
                0x20000104                mutex_try_enter_block_until
 .time_critical.mutex_enter_timeout_ms
                0x200001a0       0x90 CMakeFiles/usb_test.dir/C_/Projects/Ethernet/WIZnet-PICO-C/libraries/pico-sdk/src/common/pico_sync/mutex.c.obj
                0x200001a0                mutex_enter_timeout_ms
 .time_critical.mutex_exit
                0x20000230       0x28 CMakeFiles/usb_test.dir/C_/Projects/Ethernet/WIZnet-PICO-C/libraries/pico-sdk/src/common/pico_sync/mutex.c.obj
                0x20000230                mutex_exit
 .time_critical.flash_init_boot2_copyout
                0x20000258       0x30 CMakeFiles/usb_test.dir/C_/Projects/Ethernet/WIZnet-PICO-C/libraries/pico-sdk/src/rp2_common/hardware_flash/flash.c.obj
 .time_critical.flash_enable_xip_via_boot2
                0x20000288       0x10 CMakeFiles/usb_test.dir/C_/Projects/Ethernet/WIZnet-PICO-C/libraries/pico-sdk/src/rp2_common/hardware_flash/flash.c.obj
 .time_critical.flash_save_hardware_state
                0x20000298       0x28 CMakeFiles/usb_test.dir/C_/Projects/Ethernet/WIZnet-PICO-C/libraries/pico-sdk/src/rp2_common/hardware_flash/flash.c.obj
 .time_critical.flash_restore_hardware_state
                0x200002c0       0x28 CMakeFiles/usb_test.dir/C_/Projects/Ethernet/WIZnet-PICO-C/libraries/pico-sdk/src/rp2_common/hardware_flash/flash.c.obj
 .time_critical.flash_cs_force
                0x200002e8       0x38 CMakeFiles/usb_test.dir/C_/Projects/Ethernet/WIZnet-PICO-C/libraries/pico-sdk/src/rp2_common/hardware_flash/flash.c.obj
 .time_critical.flash_do_cmd
                0x20000320       0xd4 CMakeFiles/usb_test.dir/C_/Projects/Ethernet/WIZnet-PICO-C/libraries/pico-sdk/src/rp2_common/hardware_flash/flash.c.obj
                0x20000320                flash_do_cmd
 .time_critical.reset_non_control_endpoints
                0x200003f4       0xbc CMakeFiles/usb_test.dir/C_/Projects/Ethernet/WIZnet-PICO-C/libraries/pico-sdk/lib/tinyusb/src/portable/raspberrypi/rp2040/dcd_rp2040.c.obj
 .time_critical.hw_handle_buff_status
                0x200004b0       0x98 CMakeFiles/usb_test.dir/C_/Projects/Ethernet/WIZnet-PICO-C/libraries/pico-sdk/lib/tinyusb/src/portable/raspberrypi/rp2040/dcd_rp2040.c.obj
 .time_critical.dcd_rp2040_irq
                0x20000548      0x530 CMakeFiles/usb_test.dir/C_/Projects/Ethernet/WIZnet-PICO-C/libraries/pico-sdk/lib/tinyusb/src/portable/raspberrypi/rp2040/dcd_rp2040.c.obj
 .time_critical.prepare_ep_buffer
                0x20000a78       0xf4 CMakeFiles/usb_test.dir/C_/Projects/Ethernet/WIZnet-PICO-C/libraries/pico-sdk/lib/tinyusb/src/portable/raspberrypi/rp2040/rp2040_usb.c.obj
 .time_critical.sync_ep_buffer
                0x20000b6c       0xb4 CMakeFiles/usb_test.dir/C_/Projects/Ethernet/WIZnet-PICO-C/libraries/pico-sdk/lib/tinyusb/src/portable/raspberrypi/rp2040/rp2040_usb.c.obj
 .time_critical._hw_endpoint_xfer_sync
                0x20000c20       0x28 CMakeFiles/usb_test.dir/C_/Projects/Ethernet/WIZnet-PICO-C/libraries/pico-sdk/lib/tinyusb/src/portable/raspberrypi/rp2040/rp2040_usb.c.obj
 .time_critical.e15_is_bulkin_ep
                0x20000c48       0x28 CMakeFiles/usb_test.dir/C_/Projects/Ethernet/WIZnet-PICO-C/libraries/pico-sdk/lib/tinyusb/src/portable/raspberrypi/rp2040/rp2040_usb.c.obj
 .time_critical.e15_is_critical_frame_period
                0x20000c70       0x34 CMakeFiles/usb_test.dir/C_/Projects/Ethernet/WIZnet-PICO-C/libraries/pico-sdk/lib/tinyusb/src/portable/raspberrypi/rp2040/rp2040_usb.c.obj
 .time_critical.hw_endpoint_reset_transfer
                0x20000ca4        0xc CMakeFiles/usb_test.dir/C_/Projects/Ethernet/WIZnet-PICO-C/libraries/pico-sdk/lib/tinyusb/src/portable/raspberrypi/rp2040/rp2040_usb.c.obj
                0x20000ca4                hw_endpoint_reset_transfer
 .time_critical._hw_endpoint_buffer_control_update32
                0x20000cb0       0x50 CMakeFiles/usb_test.dir/C_/Projects/Ethernet/WIZnet-PICO-C/libraries/pico-sdk/lib/tinyusb/src/portable/raspberrypi/rp2040/rp2040_usb.c.obj
                0x20000cb0                _hw_endpoint_buffer_control_update32
 .time_critical.hw_endpoint_start_next_buffer
                0x20000d00       0x6c CMakeFiles/usb_test.dir/C_/Projects/Ethernet/WIZnet-PICO-C/libraries/pico-sdk/lib/tinyusb/src/portable/raspberrypi/rp2040/rp2040_usb.c.obj
                0x20000d00                hw_endpoint_start_next_buffer
 .time_critical.hw_endpoint_xfer_continue
                0x20000d6c       0x40 CMakeFiles/usb_test.dir/C_/Projects/Ethernet/WIZnet-PICO-C/libraries/pico-sdk/lib/tinyusb/src/portable/raspberrypi/rp2040/rp2040_usb.c.obj
                0x20000d6c                hw_endpoint_xfer_continue
 .time_critical.tinyusb
                0x20000dac      0x1f0 CMakeFiles/usb_test.dir/C_/Projects/Ethernet/WIZnet-PICO-C/libraries/pico-sdk/lib/tinyusb/src/device/usbd.c.obj
                0x20000dac                dcd_event_handler
 *(.text*)
 .text          0x20000f9c        0x4 c:/progra~2/gnuarm~1/102021~1.10/bin/../lib/gcc/arm-none-eabi/10.3.1/thumb/v6-m/nofp\libgcc.a(_dvmd_tls.o)
                0x20000f9c                __aeabi_idiv0
                0x20000f9c                __aeabi_ldiv0
 .text.__stub   0x20000fa0       0x80 linker stubs
                0x20001020                . = ALIGN (0x4)
 *(.rodata*)
                0x20001020                . = ALIGN (0x4)
 *(.data*)
 .data.striped_spin_lock_num
                0x20001020        0x1 CMakeFiles/usb_test.dir/C_/Projects/Ethernet/WIZnet-PICO-C/libraries/pico-sdk/src/rp2_common/hardware_sync/sync.c.obj
 *fill*         0x20001021        0x3 
 .data          0x20001024       0x48 CMakeFiles/usb_test.dir/C_/Projects/Ethernet/WIZnet-PICO-C/libraries/pico-sdk/src/rp2_common/hardware_irq/irq_handler_chain.S.obj
                0x20001024                irq_handler_chain_slots
                0x20001054                irq_handler_chain_first_slot
                0x2000105e                irq_handler_chain_remove_tail
 .data.default_alarm_pool
                0x2000106c       0x18 CMakeFiles/usb_test.dir/C_/Projects/Ethernet/WIZnet-PICO-C/libraries/pico-sdk/src/common/pico_time/time.c.obj
 *fill*         0x20001084        0xc 
 .data.aeabi_bits_funcs
                0x20001090       0x10 CMakeFiles/usb_test.dir/C_/Projects/Ethernet/WIZnet-PICO-C/libraries/pico-sdk/src/rp2_common/pico_bit_ops/bit_ops_aeabi.S.obj
                0x20001090                aeabi_bits_funcs
                0x200010a0                aeabi_bits_funcs_end
 .data.aeabi_mem_funcs
                0x200010a0       0x10 CMakeFiles/usb_test.dir/C_/Projects/Ethernet/WIZnet-PICO-C/libraries/pico-sdk/src/rp2_common/pico_mem_ops/mem_ops_aeabi.S.obj
                0x200010a0                aeabi_mem_funcs
                0x200010b0                aeabi_mem_funcs_end
 .data.stdio_usb
                0x200010b0       0x18 CMakeFiles/usb_test.dir/C_/Projects/Ethernet/WIZnet-PICO-C/libraries/pico-sdk/src/rp2_common/pico_stdio_usb/stdio_usb.c.obj
                0x200010b0                stdio_usb
 .data._usbd_qdef
                0x200010c8       0x1c CMakeFiles/usb_test.dir/C_/Projects/Ethernet/WIZnet-PICO-C/libraries/pico-sdk/lib/tinyusb/src/device/usbd.c.obj
                0x200010c8                _usbd_qdef
 .data._usbd_rhport
                0x200010e4        0x1 CMakeFiles/usb_test.dir/C_/Projects/Ethernet/WIZnet-PICO-C/libraries/pico-sdk/lib/tinyusb/src/device/usbd.c.obj
                0x200010e8                . = ALIGN (0x4)
 *fill*         0x200010e5        0x3 
 *(.after_data.*)
                0x200010e8                . = ALIGN (0x4)
                0x200010e8                PROVIDE (__mutex_array_start = .)
 *(SORT_BY_NAME(.mutex_array.*))
 *(.mutex_array)
 .mutex_array   0x200010e8        0x8 CMakeFiles/usb_test.dir/C_/Projects/Ethernet/WIZnet-PICO-C/libraries/pico-sdk/src/rp2_common/pico_stdio/stdio.c.obj
                0x200010f0                PROVIDE (__mutex_array_end = .)
                0x200010f0                . = ALIGN (0x4)
 *(.jcr)
                0x200010f0                . = ALIGN (0x4)

.igot.plt       0x200010f0        0x0 load address 0x10005a88
 .igot.plt      0x200010f0        0x0 c:/progra~2/gnuarm~1/102021~1.10/bin/../lib/gcc/arm-none-eabi/10.3.1/thumb/v6-m/nofp/crtbegin.o

.tdata          0x200010f0        0x0 load address 0x10005a88
                0x200010f0                . = ALIGN (0x4)
 *(.tdata .tdata.* .gnu.linkonce.td.*)
                0x200010f0                __tdata_end = .
                0x200010f0                PROVIDE (__data_end__ = .)
                0x10004a58                __etext = LOADADDR (.data)

.tbss           0x200010f0        0x0 load address 0x10005a88
                0x200010f0                . = ALIGN (0x4)
                0x200010f0                __bss_start__ = .
                0x200010f0                __tls_base = .
 *(.tbss .tbss.* .gnu.linkonce.tb.*)
 *(.tcommon)
                0x200010f0                __tls_end = .

.bss            0x200010f0      0xf00 load address 0x10005a88
                0x200010f0                . = ALIGN (0x4)
                0x200010f0                __tbss_end = .
 *(SORT_BY_ALIGNMENT(SORT_BY_NAME(.bss*)))
 .bss.default_alarm_pool_entries
                0x200010f0      0x180 CMakeFiles/usb_test.dir/C_/Projects/Ethernet/WIZnet-PICO-C/libraries/pico-sdk/src/common/pico_time/time.c.obj
 .bss.last_avail_time.1
                0x20001270        0x8 CMakeFiles/usb_test.dir/C_/Projects/Ethernet/WIZnet-PICO-C/libraries/pico-sdk/src/rp2_common/pico_stdio_usb/stdio_usb.c.obj
 .bss.sd_table  0x20001278      0x100 CMakeFiles/usb_test.dir/C_/Projects/Ethernet/WIZnet-PICO-C/libraries/pico-sdk/src/rp2_common/pico_double/double_init_rom_rp2040.c.obj
                0x20001278                sd_table
 .bss.sf_table  0x20001378      0x100 CMakeFiles/usb_test.dir/C_/Projects/Ethernet/WIZnet-PICO-C/libraries/pico-sdk/src/rp2_common/pico_float/float_init_rom_rp2040.c.obj
                0x20001378                sf_table
 .bss           0x20001478       0x1c c:/progra~2/gnuarm~1/102021~1.10/bin/../lib/gcc/arm-none-eabi/10.3.1/thumb/v6-m/nofp/crtbegin.o
 .bss._app_driver
                0x20001494        0x4 CMakeFiles/usb_test.dir/C_/Projects/Ethernet/WIZnet-PICO-C/libraries/pico-sdk/lib/tinyusb/src/device/usbd.c.obj
 .bss._cdcd_epbuf
                0x20001498       0x80 CMakeFiles/usb_test.dir/C_/Projects/Ethernet/WIZnet-PICO-C/libraries/pico-sdk/lib/tinyusb/src/class/cdc/cdc_device.c.obj
 .bss._cdcd_fifo_cfg
                0x20001518        0x1 CMakeFiles/usb_test.dir/C_/Projects/Ethernet/WIZnet-PICO-C/libraries/pico-sdk/lib/tinyusb/src/class/cdc/cdc_device.c.obj
 *fill*         0x20001519        0x3 
 .bss._cdcd_itf
                0x2000151c       0xc8 CMakeFiles/usb_test.dir/C_/Projects/Ethernet/WIZnet-PICO-C/libraries/pico-sdk/lib/tinyusb/src/class/cdc/cdc_device.c.obj
 .bss._ctrl_epbuf
                0x200015e4       0x40 CMakeFiles/usb_test.dir/C_/Projects/Ethernet/WIZnet-PICO-C/libraries/pico-sdk/lib/tinyusb/src/device/usbd_control.c.obj
 .bss._ctrl_xfer
                0x20001624       0x14 CMakeFiles/usb_test.dir/C_/Projects/Ethernet/WIZnet-PICO-C/libraries/pico-sdk/lib/tinyusb/src/device/usbd_control.c.obj
 .bss._tusb_rhport_role
                0x20001638        0x2 CMakeFiles/usb_test.dir/C_/Projects/Ethernet/WIZnet-PICO-C/libraries/pico-sdk/lib/tinyusb/src/tusb.c.obj
                0x20001638                _tusb_rhport_role
 *fill*         0x2000163a        0x2 
 .bss._ubsd_mutexdef
                0x2000163c        0x8 CMakeFiles/usb_test.dir/C_/Projects/Ethernet/WIZnet-PICO-C/libraries/pico-sdk/lib/tinyusb/src/device/usbd.c.obj
 .bss._usbd_dev
                0x20001644       0x54 CMakeFiles/usb_test.dir/C_/Projects/Ethernet/WIZnet-PICO-C/libraries/pico-sdk/lib/tinyusb/src/device/usbd.c.obj
 .bss._usbd_mutex
                0x20001698        0x4 CMakeFiles/usb_test.dir/C_/Projects/Ethernet/WIZnet-PICO-C/libraries/pico-sdk/lib/tinyusb/src/device/usbd.c.obj
 .bss._usbd_q   0x2000169c        0x4 CMakeFiles/usb_test.dir/C_/Projects/Ethernet/WIZnet-PICO-C/libraries/pico-sdk/lib/tinyusb/src/device/usbd.c.obj
 .bss._usbd_qdef_buf
                0x200016a0       0xc0 CMakeFiles/usb_test.dir/C_/Projects/Ethernet/WIZnet-PICO-C/libraries/pico-sdk/lib/tinyusb/src/device/usbd.c.obj
                0x200016a0                _usbd_qdef_buf
 .bss._vendord_epbuf
                0x20001760       0x80 CMakeFiles/usb_test.dir/C_/Projects/Ethernet/WIZnet-PICO-C/libraries/pico-sdk/lib/tinyusb/src/class/vendor/vendor_device.c.obj
 .bss._vendord_itf
                0x200017e0      0x24c CMakeFiles/usb_test.dir/C_/Projects/Ethernet/WIZnet-PICO-C/libraries/pico-sdk/lib/tinyusb/src/class/vendor/vendor_device.c.obj
 .bss.boot2_copyout
                0x20001a2c      0x100 CMakeFiles/usb_test.dir/C_/Projects/Ethernet/WIZnet-PICO-C/libraries/pico-sdk/src/rp2_common/hardware_flash/flash.c.obj
 .bss.chars_available_callback
                0x20001b2c        0x4 CMakeFiles/usb_test.dir/C_/Projects/Ethernet/WIZnet-PICO-C/libraries/pico-sdk/src/rp2_common/pico_stdio_usb/stdio_usb.c.obj
 .bss.chars_available_param
                0x20001b30        0x4 CMakeFiles/usb_test.dir/C_/Projects/Ethernet/WIZnet-PICO-C/libraries/pico-sdk/src/rp2_common/pico_stdio_usb/stdio_usb.c.obj
 .bss.claimed   0x20001b34        0x4 CMakeFiles/usb_test.dir/C_/Projects/Ethernet/WIZnet-PICO-C/libraries/pico-sdk/src/rp2_common/hardware_sync/sync.c.obj
 .bss.claimed   0x20001b38        0x1 CMakeFiles/usb_test.dir/C_/Projects/Ethernet/WIZnet-PICO-C/libraries/pico-sdk/src/rp2_common/hardware_timer/timer.c.obj
 *fill*         0x20001b39        0x3 
 .bss.configured_freq
                0x20001b3c       0x28 CMakeFiles/usb_test.dir/C_/Projects/Ethernet/WIZnet-PICO-C/libraries/pico-sdk/src/rp2_common/hardware_clocks/clocks.c.obj
 .bss.desc_str.0
                0x20001b64       0x28 CMakeFiles/usb_test.dir/C_/Projects/Ethernet/WIZnet-PICO-C/libraries/pico-sdk/src/rp2_common/pico_stdio_usb/stdio_usb_descriptors.c.obj
 .bss.drivers   0x20001b8c        0x4 CMakeFiles/usb_test.dir/C_/Projects/Ethernet/WIZnet-PICO-C/libraries/pico-sdk/src/rp2_common/pico_stdio/stdio.c.obj
 .bss.e15_last_sof
                0x20001b90        0x4 CMakeFiles/usb_test.dir/C_/Projects/Ethernet/WIZnet-PICO-C/libraries/pico-sdk/lib/tinyusb/src/portable/raspberrypi/rp2040/rp2040_usb.c.obj
                0x20001b90                e15_last_sof
 .bss.filter    0x20001b94        0x4 CMakeFiles/usb_test.dir/C_/Projects/Ethernet/WIZnet-PICO-C/libraries/pico-sdk/src/rp2_common/pico_stdio/stdio.c.obj
 .bss.hw_endpoints
                0x20001b98      0x400 CMakeFiles/usb_test.dir/C_/Projects/Ethernet/WIZnet-PICO-C/libraries/pico-sdk/lib/tinyusb/src/portable/raspberrypi/rp2040/dcd_rp2040.c.obj
 .bss.lazy_vsnprintf
                0x20001f98        0x4 CMakeFiles/usb_test.dir/C_/Projects/Ethernet/WIZnet-PICO-C/libraries/pico-sdk/src/rp2_common/pico_printf/printf.c.obj
 .bss.load_value
                0x20001f9c        0x4 CMakeFiles/usb_test.dir/C_/Projects/Ethernet/WIZnet-PICO-C/libraries/pico-sdk/src/rp2_common/hardware_watchdog/watchdog.c.obj
 .bss.next_buffer_ptr
                0x20001fa0        0x4 CMakeFiles/usb_test.dir/C_/Projects/Ethernet/WIZnet-PICO-C/libraries/pico-sdk/lib/tinyusb/src/portable/raspberrypi/rp2040/dcd_rp2040.c.obj
 .bss.one_shot_timer_crit_sec
                0x20001fa4        0x8 CMakeFiles/usb_test.dir/C_/Projects/Ethernet/WIZnet-PICO-C/libraries/pico-sdk/src/rp2_common/pico_stdio_usb/stdio_usb.c.obj
 .bss.pools     0x20001fac       0x10 CMakeFiles/usb_test.dir/C_/Projects/Ethernet/WIZnet-PICO-C/libraries/pico-sdk/src/common/pico_time/time.c.obj
 .bss.retrieved_id
                0x20001fbc        0x8 CMakeFiles/usb_test.dir/C_/Projects/Ethernet/WIZnet-PICO-C/libraries/pico-sdk/src/rp2_common/pico_unique_id/unique_id.c.obj
 .bss.sf_clz_func
                0x20001fc4        0x4 CMakeFiles/usb_test.dir/C_/Projects/Ethernet/WIZnet-PICO-C/libraries/pico-sdk/src/rp2_common/pico_double/double_init_rom_rp2040.c.obj
                0x20001fc4                sf_clz_func
 .bss.sleep_notifier
                0x20001fc8        0x4 CMakeFiles/usb_test.dir/C_/Projects/Ethernet/WIZnet-PICO-C/libraries/pico-sdk/src/common/pico_time/time.c.obj
 .bss.stdio_usb_mutex
                0x20001fcc        0x8 CMakeFiles/usb_test.dir/C_/Projects/Ethernet/WIZnet-PICO-C/libraries/pico-sdk/src/rp2_common/pico_stdio_usb/stdio_usb.c.obj
 .bss.usbd_serial_str
                0x20001fd4       0x11 CMakeFiles/usb_test.dir/C_/Projects/Ethernet/WIZnet-PICO-C/libraries/pico-sdk/src/rp2_common/pico_stdio_usb/stdio_usb_descriptors.c.obj
 .bss._app_driver_count
                0x20001fe5        0x1 CMakeFiles/usb_test.dir/C_/Projects/Ethernet/WIZnet-PICO-C/libraries/pico-sdk/lib/tinyusb/src/device/usbd.c.obj
 .bss._sof_enable
                0x20001fe6        0x1 CMakeFiles/usb_test.dir/C_/Projects/Ethernet/WIZnet-PICO-C/libraries/pico-sdk/lib/tinyusb/src/portable/raspberrypi/rp2040/dcd_rp2040.c.obj
 .bss._usbd_queued_setup
                0x20001fe7        0x1 CMakeFiles/usb_test.dir/C_/Projects/Ethernet/WIZnet-PICO-C/libraries/pico-sdk/lib/tinyusb/src/device/usbd.c.obj
 .bss.boot2_copyout_valid
                0x20001fe8        0x1 CMakeFiles/usb_test.dir/C_/Projects/Ethernet/WIZnet-PICO-C/libraries/pico-sdk/src/rp2_common/hardware_flash/flash.c.obj
 .bss.irq_handler_chain_free_slot_head
                0x20001fe9        0x1 CMakeFiles/usb_test.dir/C_/Projects/Ethernet/WIZnet-PICO-C/libraries/pico-sdk/src/rp2_common/hardware_irq/irq.c.obj
 .bss.itf_num   0x20001fea        0x1 CMakeFiles/usb_test.dir/C_/Projects/Ethernet/WIZnet-PICO-C/libraries/pico-sdk/src/rp2_common/pico_stdio_usb/reset_interface.c.obj
 .bss.low_priority_irq_num
                0x20001feb        0x1 CMakeFiles/usb_test.dir/C_/Projects/Ethernet/WIZnet-PICO-C/libraries/pico-sdk/src/rp2_common/pico_stdio_usb/stdio_usb.c.obj
 .bss.one_shot_timer_pending
                0x20001fec        0x1 CMakeFiles/usb_test.dir/C_/Projects/Ethernet/WIZnet-PICO-C/libraries/pico-sdk/src/rp2_common/pico_stdio_usb/stdio_usb.c.obj
 .bss.user_irq_claimed
                0x20001fed        0x1 CMakeFiles/usb_test.dir/C_/Projects/Ethernet/WIZnet-PICO-C/libraries/pico-sdk/src/rp2_common/hardware_irq/irq.c.obj
 *(COMMON)
                0x20001ff0                . = ALIGN (0x4)
 *fill*         0x20001fee        0x2 
                0x20001ff0                __bss_end__ = .

.heap           0x20001ff0      0x800 load address 0x10005a88
                0x20001ff0                __end__ = .
                0x20001ff0                end = __end__
 *(.heap*)
 .heap          0x20001ff0      0x800 CMakeFiles/usb_test.dir/C_/Projects/Ethernet/WIZnet-PICO-C/libraries/pico-sdk/src/rp2_common/pico_crt0/crt0.S.obj
                0x20040000                __HeapLimit = (ORIGIN (RAM) + LENGTH (RAM))

.scratch_x      0x20040000        0x0 load address 0x10005a88
                0x20040000                __scratch_x_start__ = .
 *(.scratch_x.*)
                0x20040000                . = ALIGN (0x4)
                0x20040000                __scratch_x_end__ = .
                0x10005a88                __scratch_x_source__ = LOADADDR (.scratch_x)

.scratch_y      0x20041000        0x0 load address 0x10005a88
                0x20041000                __scratch_y_start__ = .
 *(.scratch_y.*)
                0x20041000                . = ALIGN (0x4)
                0x20041000                __scratch_y_end__ = .
                0x10005a88                __scratch_y_source__ = LOADADDR (.scratch_y)

.stack1_dummy   0x20040000        0x0
 *(.stack1*)

.stack_dummy    0x20041000      0x800
 *(.stack*)
 .stack         0x20041000      0x800 CMakeFiles/usb_test.dir/C_/Projects/Ethernet/WIZnet-PICO-C/libraries/pico-sdk/src/rp2_common/pico_crt0/crt0.S.obj

.rel.dyn        0x20041800        0x0
 .rel.iplt      0x20041800        0x0 c:/progra~2/gnuarm~1/102021~1.10/bin/../lib/gcc/arm-none-eabi/10.3.1/thumb/v6-m/nofp/crtbegin.o

.flash_end      0x10005a88        0x0
 *(.embedded_end_block*)
                0x10005a88                PROVIDE (__flash_binary_end = .)
                0x20040000                __StackLimit = (ORIGIN (RAM) + LENGTH (RAM))
                0x20041000                __StackOneTop = (ORIGIN (SCRATCH_X) + LENGTH (SCRATCH_X))
                0x20042000                __StackTop = (ORIGIN (SCRATCH_Y) + LENGTH (SCRATCH_Y))
                0x20041000                __StackOneBottom = (__StackOneTop - SIZEOF (.stack1_dummy))
                0x20041800                __StackBottom = (__StackTop - SIZEOF (.stack_dummy))
                0x20042000                PROVIDE (__stack = __StackTop)
                [!provide]                PROVIDE (__heap_start = __end__)
                [!provide]                PROVIDE (__heap_end = __HeapLimit)
                [!provide]                PROVIDE (__tls_align = MAX (ALIGNOF (.tdata), ALIGNOF (.tbss)))
                [!provide]                PROVIDE (__tls_size_align = (((__tls_size + __tls_align) - 0x1) & ~ ((__tls_align - 0x1))))
                [!provide]                PROVIDE (__arm32_tls_tcb_offset = MAX (0x8, __tls_align))
                [!provide]                PROVIDE (_end = __end__)
                [!provide]                PROVIDE (__llvm_libc_heap_limit = __HeapLimit)
                0x00000001                ASSERT ((__StackLimit >= __HeapLimit), region RAM overflowed)
                0x00000001                ASSERT (((__binary_info_header_end - __logical_binary_start) <= 0x100), Binary info must be in first 256 bytes of the binary)
LOAD CMakeFiles/usb_test.dir/main.c.obj
LOAD CMakeFiles/usb_test.dir/C_/Projects/Ethernet/WIZnet-PICO-C/libraries/pico-sdk/src/rp2_common/pico_stdlib/stdlib.c.obj
LOAD CMakeFiles/usb_test.dir/C_/Projects/Ethernet/WIZnet-PICO-C/libraries/pico-sdk/src/rp2_common/hardware_gpio/gpio.c.obj
LOAD CMakeFiles/usb_test.dir/C_/Projects/Ethernet/WIZnet-PICO-C/libraries/pico-sdk/src/rp2040/pico_platform/platform.c.obj
LOAD CMakeFiles/usb_test.dir/C_/Projects/Ethernet/WIZnet-PICO-C/libraries/pico-sdk/src/rp2_common/pico_platform_common/common.c.obj
LOAD CMakeFiles/usb_test.dir/C_/Projects/Ethernet/WIZnet-PICO-C/libraries/pico-sdk/src/rp2_common/pico_platform_panic/panic.c.obj
LOAD CMakeFiles/usb_test.dir/C_/Projects/Ethernet/WIZnet-PICO-C/libraries/pico-sdk/src/common/hardware_claim/claim.c.obj
LOAD CMakeFiles/usb_test.dir/C_/Projects/Ethernet/WIZnet-PICO-C/libraries/pico-sdk/src/rp2_common/hardware_sync/sync.c.obj
LOAD CMakeFiles/usb_test.dir/C_/Projects/Ethernet/WIZnet-PICO-C/libraries/pico-sdk/src/rp2_common/hardware_sync_spin_lock/sync_spin_lock.c.obj
LOAD CMakeFiles/usb_test.dir/C_/Projects/Ethernet/WIZnet-PICO-C/libraries/pico-sdk/src/rp2_common/hardware_irq/irq.c.obj
LOAD CMakeFiles/usb_test.dir/C_/Projects/Ethernet/WIZnet-PICO-C/libraries/pico-sdk/src/rp2_common/hardware_irq/irq_handler_chain.S.obj
LOAD CMakeFiles/usb_test.dir/C_/Projects/Ethernet/WIZnet-PICO-C/libraries/pico-sdk/src/common/pico_sync/sem.c.obj
LOAD CMakeFiles/usb_test.dir/C_/Projects/Ethernet/WIZnet-PICO-C/libraries/pico-sdk/src/common/pico_sync/lock_core.c.obj
LOAD CMakeFiles/usb_test.dir/C_/Projects/Ethernet/WIZnet-PICO-C/libraries/pico-sdk/src/common/pico_sync/mutex.c.obj
LOAD CMakeFiles/usb_test.dir/C_/Projects/Ethernet/WIZnet-PICO-C/libraries/pico-sdk/src/common/pico_sync/critical_section.c.obj
LOAD CMakeFiles/usb_test.dir/C_/Projects/Ethernet/WIZnet-PICO-C/libraries/pico-sdk/src/common/pico_time/time.c.obj
LOAD CMakeFiles/usb_test.dir/C_/Projects/Ethernet/WIZnet-PICO-C/libraries/pico-sdk/src/common/pico_time/timeout_helper.c.obj
LOAD CMakeFiles/usb_test.dir/C_/Projects/Ethernet/WIZnet-PICO-C/libraries/pico-sdk/src/rp2_common/hardware_timer/timer.c.obj
LOAD CMakeFiles/usb_test.dir/C_/Projects/Ethernet/WIZnet-PICO-C/libraries/pico-sdk/src/common/pico_util/datetime.c.obj
LOAD CMakeFiles/usb_test.dir/C_/Projects/Ethernet/WIZnet-PICO-C/libraries/pico-sdk/src/common/pico_util/pheap.c.obj
LOAD CMakeFiles/usb_test.dir/C_/Projects/Ethernet/WIZnet-PICO-C/libraries/pico-sdk/src/common/pico_util/queue.c.obj
LOAD CMakeFiles/usb_test.dir/C_/Projects/Ethernet/WIZnet-PICO-C/libraries/pico-sdk/src/rp2_common/hardware_uart/uart.c.obj
LOAD CMakeFiles/usb_test.dir/C_/Projects/Ethernet/WIZnet-PICO-C/libraries/pico-sdk/src/rp2_common/hardware_clocks/clocks.c.obj
LOAD CMakeFiles/usb_test.dir/C_/Projects/Ethernet/WIZnet-PICO-C/libraries/pico-sdk/src/rp2_common/hardware_pll/pll.c.obj
LOAD CMakeFiles/usb_test.dir/C_/Projects/Ethernet/WIZnet-PICO-C/libraries/pico-sdk/src/rp2_common/hardware_vreg/vreg.c.obj
LOAD CMakeFiles/usb_test.dir/C_/Projects/Ethernet/WIZnet-PICO-C/libraries/pico-sdk/src/rp2_common/hardware_watchdog/watchdog.c.obj
LOAD CMakeFiles/usb_test.dir/C_/Projects/Ethernet/WIZnet-PICO-C/libraries/pico-sdk/src/rp2_common/hardware_ticks/ticks.c.obj
LOAD CMakeFiles/usb_test.dir/C_/Projects/Ethernet/WIZnet-PICO-C/libraries/pico-sdk/src/rp2_common/pico_bootrom/bootrom.c.obj
LOAD CMakeFiles/usb_test.dir/C_/Projects/Ethernet/WIZnet-PICO-C/libraries/pico-sdk/src/rp2_common/pico_bootrom/bootrom_lock.c.obj
LOAD CMakeFiles/usb_test.dir/C_/Projects/Ethernet/WIZnet-PICO-C/libraries/pico-sdk/src/rp2_common/hardware_boot_lock/boot_lock.c.obj
LOAD CMakeFiles/usb_test.dir/C_/Projects/Ethernet/WIZnet-PICO-C/libraries/pico-sdk/src/rp2_common/pico_flash/flash.c.obj
LOAD CMakeFiles/usb_test.dir/C_/Projects/Ethernet/WIZnet-PICO-C/libraries/pico-sdk/src/rp2_common/hardware_xosc/xosc.c.obj
LOAD CMakeFiles/usb_test.dir/C_/Projects/Ethernet/WIZnet-PICO-C/libraries/pico-sdk/src/rp2_common/hardware_divider/divider.S.obj
LOAD CMakeFiles/usb_test.dir/C_/Projects/Ethernet/WIZnet-PICO-C/libraries/pico-sdk/src/rp2_common/pico_runtime/runtime.c.obj
LOAD CMakeFiles/usb_test.dir/C_/Projects/Ethernet/WIZnet-PICO-C/libraries/pico-sdk/src/rp2_common/pico_runtime_init/runtime_init.c.obj
LOAD CMakeFiles/usb_test.dir/C_/Projects/Ethernet/WIZnet-PICO-C/libraries/pico-sdk/src/rp2_common/pico_runtime_init/runtime_init_clocks.c.obj
LOAD CMakeFiles/usb_test.dir/C_/Projects/Ethernet/WIZnet-PICO-C/libraries/pico-sdk/src/rp2_common/pico_runtime_init/runtime_init_stack_guard.c.obj
LOAD CMakeFiles/usb_test.dir/C_/Projects/Ethernet/WIZnet-PICO-C/libraries/pico-sdk/src/rp2_common/pico_bit_ops/bit_ops_aeabi.S.obj
LOAD CMakeFiles/usb_test.dir/C_/Projects/Ethernet/WIZnet-PICO-C/libraries/pico-sdk/src/rp2_common/pico_divider/divider_hardware.S.obj
LOAD CMakeFiles/usb_test.dir/C_/Projects/Ethernet/WIZnet-PICO-C/libraries/pico-sdk/src/rp2_common/pico_double/double_aeabi_rp2040.S.obj
LOAD CMakeFiles/usb_test.dir/C_/Projects/Ethernet/WIZnet-PICO-C/libraries/pico-sdk/src/rp2_common/pico_double/double_init_rom_rp2040.c.obj
LOAD CMakeFiles/usb_test.dir/C_/Projects/Ethernet/WIZnet-PICO-C/libraries/pico-sdk/src/rp2_common/pico_double/double_math.c.obj
LOAD CMakeFiles/usb_test.dir/C_/Projects/Ethernet/WIZnet-PICO-C/libraries/pico-sdk/src/rp2_common/pico_double/double_v1_rom_shim_rp2040.S.obj
LOAD CMakeFiles/usb_test.dir/C_/Projects/Ethernet/WIZnet-PICO-C/libraries/pico-sdk/src/rp2_common/pico_int64_ops/pico_int64_ops_aeabi.S.obj
LOAD CMakeFiles/usb_test.dir/C_/Projects/Ethernet/WIZnet-PICO-C/libraries/pico-sdk/src/rp2_common/pico_float/float_aeabi_rp2040.S.obj
LOAD CMakeFiles/usb_test.dir/C_/Projects/Ethernet/WIZnet-PICO-C/libraries/pico-sdk/src/rp2_common/pico_float/float_init_rom_rp2040.c.obj
LOAD CMakeFiles/usb_test.dir/C_/Projects/Ethernet/WIZnet-PICO-C/libraries/pico-sdk/src/rp2_common/pico_float/float_math.c.obj
LOAD CMakeFiles/usb_test.dir/C_/Projects/Ethernet/WIZnet-PICO-C/libraries/pico-sdk/src/rp2_common/pico_float/float_v1_rom_shim_rp2040.S.obj
LOAD CMakeFiles/usb_test.dir/C_/Projects/Ethernet/WIZnet-PICO-C/libraries/pico-sdk/src/rp2_common/pico_malloc/malloc.c.obj
LOAD CMakeFiles/usb_test.dir/C_/Projects/Ethernet/WIZnet-PICO-C/libraries/pico-sdk/src/rp2_common/pico_mem_ops/mem_ops_aeabi.S.obj
LOAD CMakeFiles/usb_test.dir/C_/Projects/Ethernet/WIZnet-PICO-C/libraries/pico-sdk/src/rp2_common/pico_atomic/atomic.c.obj
LOAD CMakeFiles/usb_test.dir/C_/Projects/Ethernet/WIZnet-PICO-C/libraries/pico-sdk/src/rp2_common/pico_cxx_options/new_delete.cpp.obj
LOAD CMakeFiles/usb_test.dir/C_/Projects/Ethernet/WIZnet-PICO-C/libraries/pico-sdk/src/rp2_common/pico_standard_binary_info/standard_binary_info.c.obj
LOAD CMakeFiles/usb_test.dir/C_/Projects/Ethernet/WIZnet-PICO-C/libraries/pico-sdk/src/rp2_common/pico_printf/printf.c.obj
LOAD CMakeFiles/usb_test.dir/C_/Projects/Ethernet/WIZnet-PICO-C/libraries/pico-sdk/src/rp2_common/pico_crt0/crt0.S.obj
LOAD CMakeFiles/usb_test.dir/C_/Projects/Ethernet/WIZnet-PICO-C/libraries/pico-sdk/src/rp2_common/pico_clib_interface/newlib_interface.c.obj
LOAD CMakeFiles/usb_test.dir/C_/Projects/Ethernet/WIZnet-PICO-C/libraries/pico-sdk/src/rp2_common/pico_stdio/stdio.c.obj
LOAD CMakeFiles/usb_test.dir/C_/Projects/Ethernet/WIZnet-PICO-C/libraries/pico-sdk/src/rp2_common/pico_stdio_usb/reset_interface.c.obj
LOAD CMakeFiles/usb_test.dir/C_/Projects/Ethernet/WIZnet-PICO-C/libraries/pico-sdk/src/rp2_common/pico_stdio_usb/stdio_usb.c.obj
LOAD CMakeFiles/usb_test.dir/C_/Projects/Ethernet/WIZnet-PICO-C/libraries/pico-sdk/src/rp2_common/pico_stdio_usb/stdio_usb_descriptors.c.obj
LOAD CMakeFiles/usb_test.dir/C_/Projects/Ethernet/WIZnet-PICO-C/libraries/pico-sdk/src/rp2_common/pico_unique_id/unique_id.c.obj
LOAD CMakeFiles/usb_test.dir/C_/Projects/Ethernet/WIZnet-PICO-C/libraries/pico-sdk/src/rp2_common/hardware_flash/flash.c.obj
LOAD CMakeFiles/usb_test.dir/C_/Projects/Ethernet/WIZnet-PICO-C/libraries/pico-sdk/src/rp2_common/hardware_xip_cache/xip_cache.c.obj
LOAD CMakeFiles/usb_test.dir/C_/Projects/Ethernet/WIZnet-PICO-C/libraries/pico-sdk/lib/tinyusb/src/portable/raspberrypi/rp2040/dcd_rp2040.c.obj
LOAD CMakeFiles/usb_test.dir/C_/Projects/Ethernet/WIZnet-PICO-C/libraries/pico-sdk/lib/tinyusb/src/portable/raspberrypi/rp2040/rp2040_usb.c.obj
LOAD CMakeFiles/usb_test.dir/C_/Projects/Ethernet/WIZnet-PICO-C/libraries/pico-sdk/lib/tinyusb/src/device/usbd.c.obj
LOAD CMakeFiles/usb_test.dir/C_/Projects/Ethernet/WIZnet-PICO-C/libraries/pico-sdk/lib/tinyusb/src/device/usbd_control.c.obj
LOAD CMakeFiles/usb_test.dir/C_/Projects/Ethernet/WIZnet-PICO-C/libraries/pico-sdk/lib/tinyusb/src/class/audio/audio_device.c.obj
LOAD CMakeFiles/usb_test.dir/C_/Projects/Ethernet/WIZnet-PICO-C/libraries/pico-sdk/lib/tinyusb/src/class/cdc/cdc_device.c.obj
LOAD CMakeFiles/usb_test.dir/C_/Projects/Ethernet/WIZnet-PICO-C/libraries/pico-sdk/lib/tinyusb/src/class/dfu/dfu_device.c.obj
LOAD CMakeFiles/usb_test.dir/C_/Projects/Ethernet/WIZnet-PICO-C/libraries/pico-sdk/lib/tinyusb/src/class/dfu/dfu_rt_device.c.obj
LOAD CMakeFiles/usb_test.dir/C_/Projects/Ethernet/WIZnet-PICO-C/libraries/pico-sdk/lib/tinyusb/src/class/hid/hid_device.c.obj
LOAD CMakeFiles/usb_test.dir/C_/Projects/Ethernet/WIZnet-PICO-C/libraries/pico-sdk/lib/tinyusb/src/class/midi/midi_device.c.obj
LOAD CMakeFiles/usb_test.dir/C_/Projects/Ethernet/WIZnet-PICO-C/libraries/pico-sdk/lib/tinyusb/src/class/msc/msc_device.c.obj
LOAD CMakeFiles/usb_test.dir/C_/Projects/Ethernet/WIZnet-PICO-C/libraries/pico-sdk/lib/tinyusb/src/class/net/ecm_rndis_device.c.obj
LOAD CMakeFiles/usb_test.dir/C_/Projects/Ethernet/WIZnet-PICO-C/libraries/pico-sdk/lib/tinyusb/src/class/net/ncm_device.c.obj
LOAD CMakeFiles/usb_test.dir/C_/Projects/Ethernet/WIZnet-PICO-C/libraries/pico-sdk/lib/tinyusb/src/class/usbtmc/usbtmc_device.c.obj
LOAD CMakeFiles/usb_test.dir/C_/Projects/Ethernet/WIZnet-PICO-C/libraries/pico-sdk/lib/tinyusb/src/class/vendor/vendor_device.c.obj